Archive member included to satisfy reference by file (symbol)

app/libapp.a(main.c.obj)      (--whole-archive)
zephyr/libzephyr.a(cbprintf_packaged.c.obj)
                              (--whole-archive)
zephyr/libzephyr.a(dec.c.obj)
                              (--whole-archive)
zephyr/libzephyr.a(fdtable.c.obj)
                              (--whole-archive)
zephyr/libzephyr.a(hex.c.obj)
                              (--whole-archive)
zephyr/libzephyr.a(printk.c.obj)
                              (--whole-archive)
zephyr/libzephyr.a(rb.c.obj)  (--whole-archive)
zephyr/libzephyr.a(sem.c.obj)
                              (--whole-archive)
zephyr/libzephyr.a(thread_entry.c.obj)
                              (--whole-archive)
zephyr/libzephyr.a(timeutil.c.obj)
                              (--whole-archive)
zephyr/libzephyr.a(heap.c.obj)
                              (--whole-archive)
zephyr/libzephyr.a(heap-validate.c.obj)
                              (--whole-archive)
zephyr/libzephyr.a(bitarray.c.obj)
                              (--whole-archive)
zephyr/libzephyr.a(multi_heap.c.obj)
                              (--whole-archive)
zephyr/libzephyr.a(onoff.c.obj)
                              (--whole-archive)
zephyr/libzephyr.a(notify.c.obj)
                              (--whole-archive)
zephyr/libzephyr.a(crc32c_sw.c.obj)
                              (--whole-archive)
zephyr/libzephyr.a(crc32_sw.c.obj)
                              (--whole-archive)
zephyr/libzephyr.a(crc16_sw.c.obj)
                              (--whole-archive)
zephyr/libzephyr.a(crc8_sw.c.obj)
                              (--whole-archive)
zephyr/libzephyr.a(crc7_sw.c.obj)
                              (--whole-archive)
zephyr/libzephyr.a(cbprintf_complete.c.obj)
                              (--whole-archive)
zephyr/libzephyr.a(cbprintf.c.obj)
                              (--whole-archive)
zephyr/libzephyr.a(assert.c.obj)
                              (--whole-archive)
zephyr/libzephyr.a(reboot.c.obj)
                              (--whole-archive)
zephyr/libzephyr.a(configs.c.obj)
                              (--whole-archive)
zephyr/libzephyr.a(soc_nrf_common.S.obj)
                              (--whole-archive)
zephyr/libzephyr.a(validate_base_addresses.c.obj)
                              (--whole-archive)
zephyr/libzephyr.a(validate_enabled_instances.c.obj)
                              (--whole-archive)
zephyr/libzephyr.a(pm.c.obj)  (--whole-archive)
zephyr/libzephyr.a(policy.c.obj)
                              (--whole-archive)
zephyr/libzephyr.a(state.c.obj)
                              (--whole-archive)
zephyr/libzephyr.a(tracing_none.c.obj)
                              (--whole-archive)
zephyr/libzephyr.a(nrf_cc3xx_platform_abort_zephyr.c.obj)
                              (--whole-archive)
zephyr/libzephyr.a(nrf_cc3xx_platform_mutex_zephyr.c.obj)
                              (--whole-archive)
zephyr/arch/common/libarch__common.a(sw_isr_common.c.obj)
                              (--whole-archive)
zephyr/arch/arch/arm/core/aarch32/libarch__arm__core__aarch32.a(cpu_idle.S.obj)
                              (--whole-archive)
zephyr/arch/arch/arm/core/aarch32/libarch__arm__core__aarch32.a(fatal.c.obj)
                              (--whole-archive)
zephyr/arch/arch/arm/core/aarch32/libarch__arm__core__aarch32.a(irq_manage.c.obj)
                              (--whole-archive)
zephyr/arch/arch/arm/core/aarch32/libarch__arm__core__aarch32.a(nmi.c.obj)
                              (--whole-archive)
zephyr/arch/arch/arm/core/aarch32/libarch__arm__core__aarch32.a(nmi_on_reset.S.obj)
                              (--whole-archive)
zephyr/arch/arch/arm/core/aarch32/libarch__arm__core__aarch32.a(prep_c.c.obj)
                              (--whole-archive)
zephyr/arch/arch/arm/core/aarch32/libarch__arm__core__aarch32.a(swap.c.obj)
                              (--whole-archive)
zephyr/arch/arch/arm/core/aarch32/libarch__arm__core__aarch32.a(swap_helper.S.obj)
                              (--whole-archive)
zephyr/arch/arch/arm/core/aarch32/libarch__arm__core__aarch32.a(thread.c.obj)
                              (--whole-archive)
zephyr/arch/arch/arm/core/aarch32/libarch__arm__core__aarch32.a(isr_wrapper.S.obj)
                              (--whole-archive)
zephyr/arch/arch/arm/core/aarch32/cortex_m/libarch__arm__core__aarch32__cortex_m.a(exc_exit.S.obj)
                              (--whole-archive)
zephyr/arch/arch/arm/core/aarch32/cortex_m/libarch__arm__core__aarch32__cortex_m.a(fault.c.obj)
                              (--whole-archive)
zephyr/arch/arch/arm/core/aarch32/cortex_m/libarch__arm__core__aarch32__cortex_m.a(fault_s.S.obj)
                              (--whole-archive)
zephyr/arch/arch/arm/core/aarch32/cortex_m/libarch__arm__core__aarch32__cortex_m.a(fpu.c.obj)
                              (--whole-archive)
[...]
Memory Configuration

Name             Origin             Length             Attributes
FLASH            0x0000000000000000 0x0000000000100000 xr
RAM              0x0000000020000000 0x0000000000040000 xw
IDT_LIST         0x00000000fffff7ff 0x0000000000000800 xw
*default*        0x0000000000000000 0xffffffffffffffff

Linker script and memory map

LOAD zephyr/CMakeFiles/zephyr_pre0.dir/misc/empty_file.c.obj
LOAD zephyr/CMakeFiles/offsets.dir/./arch/arm/core/offsets/offsets.c.obj
                0x0000000000000020                _region_min_align = 0x20

.rel.plt        0x0000000000000000        0x0
 *(SORT_BY_ALIGNMENT(.rel.plt))
                [!provide]                        PROVIDE (__rel_iplt_start = .)
 *(SORT_BY_ALIGNMENT(.rel.iplt))
 .rel.iplt      0x0000000000000000        0x0 app/libapp.a(main.c.obj)
                [!provide]                        PROVIDE (__rel_iplt_end = .)

.rela.plt       0x0000000000000000        0x0
 *(SORT_BY_ALIGNMENT(.rela.plt))
                [!provide]                        PROVIDE (__rela_iplt_start = .)
 *(SORT_BY_ALIGNMENT(.rela.iplt))
                [!provide]                        PROVIDE (__rela_iplt_end = .)

.rel.dyn
 *(SORT_BY_ALIGNMENT(.rel.*))

.rela.dyn
 *(SORT_BY_ALIGNMENT(.rela.*))

/DISCARD/
 *(SORT_BY_ALIGNMENT(.plt))

/DISCARD/
 *(SORT_BY_ALIGNMENT(.iplt))
                0x0000000000000000                __rom_region_start = 0x0

rom_start       0x0000000000000000      0x100
                0x0000000000000000                . = 0x0
                0x0000000000000000                . = ALIGN (0x4)
                0x0000000000000000                . = ALIGN (0x80)
                0x0000000000000000                . = ALIGN (0x100)
                0x0000000000000000                _vector_start = .
 *(SORT_BY_ALIGNMENT(.exc_vector_table))
 *(SORT_BY_ALIGNMENT(.exc_vector_table.*))
 .exc_vector_table._vector_table_section
                0x0000000000000000       0x40 zephyr/arch/arch/arm/core/aarch32/cortex_m/libarch__arm__core__aarch32__cortex_m.a(vector_table.S.obj)
                0x0000000000000000                _vector_table
 *(SORT_BY_ALIGNMENT(.vectors))
                0x0000000000000100                _vector_end = .
                0x0000000000000040                . = ALIGN (0x4)
 *(SORT_BY_ALIGNMENT(.gnu.linkonce.irq_vector_table*))
 .gnu.linkonce.irq_vector_table
                0x0000000000000040       0xc0 zephyr/arch/common/libisr_tables.a(isr_tables.c.obj)
                0x0000000000000040                _irq_vector_table
                0x0000000000000100                _vector_end = .

text            0x0000000000000100     0x77a0
                0x0000000000000100                __text_region_start = .
 *(SORT_BY_ALIGNMENT(.text))
 .text          0x0000000000000100       0x30 /home/bruno/zephyr-sdk-0.15.2/arm-zephyr-eabi/bin/../lib/gcc/arm-zephyr-eabi/12.1.0/thumb/v7e-m/nofp/libgcc.a(_aeabi_uldivmod.o)
                0x0000000000000100                __aeabi_uldivmod
 .text          0x0000000000000130        0x4 /home/bruno/zephyr-sdk-0.15.2/arm-zephyr-eabi/bin/../lib/gcc/arm-zephyr-eabi/12.1.0/thumb/v7e-m/nofp/libgcc.a(_dvmd_tls.o)
                0x0000000000000130                __aeabi_ldiv0
                0x0000000000000130                __aeabi_idiv0
 .text          0x0000000000000134      0x2a0 /home/bruno/zephyr-sdk-0.15.2/arm-zephyr-eabi/bin/../lib/gcc/arm-zephyr-eabi/12.1.0/thumb/v7e-m/nofp/libgcc.a(_udivmoddi4.o)
                0x0000000000000134                __udivmoddi4
 *(SORT_BY_ALIGNMENT(.text.*))
 .text.task_Temperature
                0x00000000000003d4       0xdc app/libapp.a(main.c.obj)
                0x00000000000003d4                task_Temperature
 .text.main     0x00000000000004b0       0x90 app/libapp.a(main.c.obj)
                0x00000000000004b0                main
 .text.char_out
                0x0000000000000540        0xc zephyr/libzephyr.a(printk.c.obj)
 .text.__printk_hook_install
                0x000000000000054c        0xc zephyr/libzephyr.a(printk.c.obj)
                0x000000000000054c                __printk_hook_install
 .text.vprintk  0x0000000000000558       0x1c zephyr/libzephyr.a(printk.c.obj)
                0x0000000000000558                vprintk
 .text.sys_heap_init
                0x0000000000000574      0x118 zephyr/libzephyr.a(heap.c.obj)
                0x0000000000000574                sys_heap_init
 .text.process_event
                0x000000000000068c      0x3a8 zephyr/libzephyr.a(onoff.c.obj)
 .text.transition_complete
                0x0000000000000a34       0x64 zephyr/libzephyr.a(onoff.c.obj)
 .text.onoff_request
                0x0000000000000a98      0x130 zephyr/libzephyr.a(onoff.c.obj)
                0x0000000000000a98                onoff_request
 .text.sys_notify_finalize
                0x0000000000000bc8       0x40 zephyr/libzephyr.a(notify.c.obj)
                0x0000000000000bc8                sys_notify_finalize
 .text.z_cbvprintf_impl
                0x0000000000000c08      0x764 zephyr/libzephyr.a(cbprintf_complete.c.obj)
                0x0000000000000c08                z_cbvprintf_impl
 .text.sys_reboot
                0x000000000000136c       0x28 zephyr/libzephyr.a(reboot.c.obj)
                0x000000000000136c                sys_reboot
 .text.z_arm_platform_init
                0x0000000000001394        0x4 zephyr/libzephyr.a(soc_nrf_common.S.obj)
                0x0000000000001394                z_arm_platform_init
 .text.pm_state_notify
                0x0000000000001398       0xc0 zephyr/libzephyr.a(pm.c.obj)
 .text.pm_system_resume
                0x0000000000001458       0x78 zephyr/libzephyr.a(pm.c.obj)
                0x0000000000001458                pm_system_resume
 .text.pm_system_suspend
                0x00000000000014d0      0x15c zephyr/libzephyr.a(pm.c.obj)
                0x00000000000014d0                pm_system_suspend
 .text.pm_policy_next_state
                0x000000000000162c       0x94 zephyr/libzephyr.a(policy.c.obj)
                0x000000000000162c                pm_policy_next_state
 .text.pm_state_cpu_get_all
                0x00000000000016c0       0x10 zephyr/libzephyr.a(state.c.obj)
                0x00000000000016c0                pm_state_cpu_get_all
 .text.nrf_cc3xx_platform_abort_init
                0x00000000000016d0        0xc zephyr/libzephyr.a(nrf_cc3xx_platform_abort_zephyr.c.obj)
                0x00000000000016d0                nrf_cc3xx_platform_abort_init
 .text.mutex_free_platform
                0x00000000000016dc       0x54 zephyr/libzephyr.a(nrf_cc3xx_platform_mutex_zephyr.c.obj)
 .text.mutex_lock_platform
                0x0000000000001730       0x60 zephyr/libzephyr.a(nrf_cc3xx_platform_mutex_zephyr.c.obj)
 .text.mutex_unlock_platform
                0x0000000000001790       0x58 zephyr/libzephyr.a(nrf_cc3xx_platform_mutex_zephyr.c.obj)
 .text.mutex_init_platform
                0x00000000000017e8       0x94 zephyr/libzephyr.a(nrf_cc3xx_platform_mutex_zephyr.c.obj)
 .text.nrf_cc3xx_platform_mutex_init
                0x000000000000187c       0x2c zephyr/libzephyr.a(nrf_cc3xx_platform_mutex_zephyr.c.obj)
                0x000000000000187c                nrf_cc3xx_platform_mutex_init
 .text.z_arm_cpu_idle_init
                0x00000000000018a8        0xc zephyr/arch/arch/arm/core/aarch32/libarch__arm__core__aarch32.a(cpu_idle.S.obj)
                0x00000000000018a8                z_arm_cpu_idle_init
 .text.arch_cpu_idle
                0x00000000000018b4       0x1c zephyr/arch/arch/arm/core/aarch32/libarch__arm__core__aarch32.a(cpu_idle.S.obj)
                0x00000000000018b4                arch_cpu_idle
 .text.arch_cpu_atomic_idle
                0x00000000000018d0       0x18 zephyr/arch/arch/arm/core/aarch32/libarch__arm__core__aarch32.a(cpu_idle.S.obj)
                0x00000000000018d0                arch_cpu_atomic_idle
 .text.arch_irq_enable
                0x00000000000018e8       0x1c zephyr/arch/arch/arm/core/aarch32/libarch__arm__core__aarch32.a(irq_manage.c.obj)
                0x00000000000018e8                arch_irq_enable
 .text.arch_irq_is_enabled
                0x0000000000001904       0x1c zephyr/arch/arch/arm/core/aarch32/libarch__arm__core__aarch32.a(irq_manage.c.obj)
                0x0000000000001904                arch_irq_is_enabled
 .text.z_arm_irq_priority_set
                0x0000000000001920       0x68 zephyr/arch/arch/arm/core/aarch32/libarch__arm__core__aarch32.a(irq_manage.c.obj)
                0x0000000000001920                z_arm_irq_priority_set
 .text.z_SysNmiOnReset
                0x0000000000001988        0x8 zephyr/arch/arch/arm/core/aarch32/libarch__arm__core__aarch32.a(nmi_on_reset.S.obj)
                0x0000000000001988                z_SysNmiOnReset
 .text.z_arm_prep_c
                0x0000000000001990       0x38 zephyr/arch/arch/arm/core/aarch32/libarch__arm__core__aarch32.a(prep_c.c.obj)
                0x0000000000001990                z_arm_prep_c
 .text.arch_swap
                0x00000000000019c8       0x34 zephyr/arch/arch/arm/core/aarch32/libarch__arm__core__aarch32.a(swap.c.obj)
                0x00000000000019c8                arch_swap
 .text.z_arm_pendsv
                0x00000000000019fc       0x54 zephyr/arch/arch/arm/core/aarch32/libarch__arm__core__aarch32.a(swap_helper.S.obj)
                0x00000000000019fc                z_arm_pendsv
 .text.z_arm_svc
                0x0000000000001a50       0x20 zephyr/arch/arch/arm/core/aarch32/libarch__arm__core__aarch32.a(swap_helper.S.obj)
                0x0000000000001a50                z_arm_svc
 .text.arch_new_thread
                0x0000000000001a70       0x38 zephyr/arch/arch/arm/core/aarch32/libarch__arm__core__aarch32.a(thread.c.obj)
                0x0000000000001a70                arch_new_thread
 .text.z_check_thread_stack_fail
                0x0000000000001aa8       0x2c zephyr/arch/arch/arm/core/aarch32/libarch__arm__core__aarch32.a(thread.c.obj)
                0x0000000000001aa8                z_check_thread_stack_fail
 .text.arch_switch_to_main_thread
                0x0000000000001ad4       0x2c zephyr/arch/arch/arm/core/aarch32/libarch__arm__core__aarch32.a(thread.c.obj)
                0x0000000000001ad4                arch_switch_to_main_thread
 .text._isr_wrapper
                0x0000000000001b00       0x40 zephyr/arch/arch/arm/core/aarch32/libarch__arm__core__aarch32.a(isr_wrapper.S.obj)
                0x0000000000001b00                _isr_wrapper
 .text._HandlerModeExit
                0x0000000000001b40       0x1c zephyr/arch/arch/arm/core/aarch32/cortex_m/libarch__arm__core__aarch32__cortex_m.a(exc_exit.S.obj)
                0x0000000000001b40                z_arm_exc_exit
                0x0000000000001b40                z_arm_int_exit
 .text.mem_manage_fault
                0x0000000000001b5c       0xac zephyr/arch/arch/arm/core/aarch32/cortex_m/libarch__arm__core__aarch32__cortex_m.a(fault.c.obj)
 .text.bus_fault.constprop.0
                0x0000000000001c08       0x3c zephyr/arch/arch/arm/core/aarch32/cortex_m/libarch__arm__core__aarch32__cortex_m.a(fault.c.obj)
 .text.z_arm_fault
                0x0000000000001c44      0x19c zephyr/arch/arch/arm/core/aarch32/cortex_m/libarch__arm__core__aarch32__cortex_m.a(fault.c.obj)
                0x0000000000001c44                z_arm_fault
 .text.z_arm_fault_init
                0x0000000000001de0       0x10 zephyr/arch/arch/arm/core/aarch32/cortex_m/libarch__arm__core__aarch32__cortex_m.a(fault.c.obj)
                0x0000000000001de0                z_arm_fault_init
 .text.__fault  0x0000000000001df0       0x14 zephyr/arch/arch/arm/core/aarch32/cortex_m/libarch__arm__core__aarch32__cortex_m.a(fault_s.S.obj)
                0x0000000000001df0                z_arm_bus_fault
                0x0000000000001df0                z_arm_usage_fault
                0x0000000000001df0                z_arm_mpu_fault
                0x0000000000001df0                z_arm_exc_spurious
                0x0000000000001df0                z_arm_debug_monitor
                0x0000000000001df0                z_arm_hard_fault
 .text.z_arm_interrupt_init
                0x0000000000001e04       0x18 zephyr/arch/arch/arm/core/aarch32/cortex_m/libarch__arm__core__aarch32__cortex_m.a(irq_init.c.obj)
                0x0000000000001e04                z_arm_interrupt_init
 .text._reset_section
                0x0000000000001e1c       0x54 zephyr/arch/arch/arm/core/aarch32/cortex_m/libarch__arm__core__aarch32__cortex_m.a(reset.S.obj)
                0x0000000000001e1c                z_arm_reset
                0x0000000000001e1c                __start
 .text.z_arm_clear_arm_mpu_config
                0x0000000000001e70       0x24 zephyr/arch/arch/arm/core/aarch32/cortex_m/libarch__arm__core__aarch32__cortex_m.a(scb.c.obj)
                0x0000000000001e70                z_arm_clear_arm_mpu_config
 .text.z_arm_init_arch_hw_at_boot
                0x0000000000001e94       0x64 zephyr/arch/arch/arm/core/aarch32/cortex_m/libarch__arm__core__aarch32__cortex_m.a(scb.c.obj)
                0x0000000000001e94                z_arm_init_arch_hw_at_boot
 .text.z_impl_k_thread_abort
                0x0000000000001ef8       0x2c zephyr/arch/arch/arm/core/aarch32/cortex_m/libarch__arm__core__aarch32__cortex_m.a(thread_abort.c.obj)
                0x0000000000001ef8                z_impl_k_thread_abort
 .text.z_arm_configure_static_mpu_regions
                0x0000000000001f24       0x18 zephyr/arch/arch/arm/core/aarch32/mpu/libarch__arm__core__aarch32__mpu.a(arm_core_mpu.c.obj)
                0x0000000000001f24                z_arm_configure_static_mpu_regions
 .text.z_arm_configure_dynamic_mpu_regions
                0x0000000000001f3c       0x20 zephyr/arch/arch/arm/core/aarch32/mpu/libarch__arm__core__aarch32__mpu.a(arm_core_mpu.c.obj)
                0x0000000000001f3c                z_arm_configure_dynamic_mpu_regions
 .text.mpu_configure_regions
                0x0000000000001f5c       0x88 zephyr/arch/arch/arm/core/aarch32/mpu/libarch__arm__core__aarch32__mpu.a(arm_mpu.c.obj)
 .text.arm_core_mpu_enable
                0x0000000000001fe4       0x18 zephyr/arch/arch/arm/core/aarch32/mpu/libarch__arm__core__aarch32__mpu.a(arm_mpu.c.obj)
                0x0000000000001fe4                arm_core_mpu_enable
 .text.arm_core_mpu_disable
                0x0000000000001ffc       0x14 zephyr/arch/arch/arm/core/aarch32/mpu/libarch__arm__core__aarch32__mpu.a(arm_mpu.c.obj)
                0x0000000000001ffc                arm_core_mpu_disable
 .text.arm_core_mpu_configure_static_mpu_regions
                0x0000000000002010       0x4c zephyr/arch/arch/arm/core/aarch32/mpu/libarch__arm__core__aarch32__mpu.a(arm_mpu.c.obj)
                0x0000000000002010                arm_core_mpu_configure_static_mpu_regions
 .text.arm_core_mpu_configure_dynamic_mpu_regions
                0x000000000000205c       0x60 zephyr/arch/arch/arm/core/aarch32/mpu/libarch__arm__core__aarch32__mpu.a(arm_mpu.c.obj)
                0x000000000000205c                arm_core_mpu_configure_dynamic_mpu_regions
 .text.z_arm_mpu_init
                0x00000000000020bc       0xbc zephyr/arch/arch/arm/core/aarch32/mpu/libarch__arm__core__aarch32__mpu.a(arm_mpu.c.obj)
                0x00000000000020bc                z_arm_mpu_init
 .text.__stdout_hook_install
                0x0000000000002178        0xc zephyr/lib/libc/minimal/liblib__libc__minimal.a(stdout_console.c.obj)
                0x0000000000002178                __stdout_hook_install
 .text.nordicsemi_nrf52_init
                0x0000000000002184       0x60 zephyr/soc/arm/nordic_nrf/nrf52/libsoc__arm__nordic_nrf__nrf52.a(soc.c.obj)
 .text.sys_arch_reboot
                0x00000000000021e4       0x2c zephyr/soc/arm/nordic_nrf/nrf52/libsoc__arm__nordic_nrf__nrf52.a(soc.c.obj)
                0x00000000000021e4                sys_arch_reboot
 .text.arch_busy_wait
                0x0000000000002210       0x14 zephyr/soc/arm/nordic_nrf/nrf52/libsoc__arm__nordic_nrf__nrf52.a(soc.c.obj)
                0x0000000000002210                arch_busy_wait
 .text.onoff_start
                0x0000000000002224       0x3c zephyr/drivers/clock_control/libdrivers__clock_control.a(clock_control_nrf.c.obj)
 .text.get_status
                0x0000000000002260       0x38 zephyr/drivers/clock_control/libdrivers__clock_control.a(clock_control_nrf.c.obj)
 .text.stop     0x0000000000002298       0x7c zephyr/drivers/clock_control/libdrivers__clock_control.a(clock_control_nrf.c.obj)
 .text.onoff_stop
                0x0000000000002314       0x28 zephyr/drivers/clock_control/libdrivers__clock_control.a(clock_control_nrf.c.obj)
 .text.clk_init
                0x000000000000233c       0x58 zephyr/drivers/clock_control/libdrivers__clock_control.a(clock_control_nrf.c.obj)
 .text.clkstarted_handle.constprop.0
                0x0000000000002394       0x34 zephyr/drivers/clock_control/libdrivers__clock_control.a(clock_control_nrf.c.obj)
 .text.clock_event_handler
                0x00000000000023c8       0x5c zephyr/drivers/clock_control/libdrivers__clock_control.a(clock_control_nrf.c.obj)
 .text.generic_hfclk_start
                0x0000000000002424       0x64 zephyr/drivers/clock_control/libdrivers__clock_control.a(clock_control_nrf.c.obj)
 .text.api_blocking_start
                0x0000000000002488       0x34 zephyr/drivers/clock_control/libdrivers__clock_control.a(clock_control_nrf.c.obj)
 .text.generic_hfclk_stop
                0x00000000000024bc       0x34 zephyr/drivers/clock_control/libdrivers__clock_control.a(clock_control_nrf.c.obj)
 .text.z_nrf_clock_control_lf_on
                0x00000000000024f0      0x140 zephyr/drivers/clock_control/libdrivers__clock_control.a(clock_control_nrf.c.obj)
                0x00000000000024f0                z_nrf_clock_control_lf_on
 .text.uart_console_init
                0x0000000000002630       0x28 zephyr/drivers/console/libdrivers__console.a(uart_console.c.obj)
 .text.console_out
                0x0000000000002658       0x28 zephyr/drivers/console/libdrivers__console.a(uart_console.c.obj)
 .text.gpio_nrfx_manage_callback
                0x0000000000002680       0xa0 zephyr/drivers/gpio/libdrivers__gpio.a(gpio_nrfx.c.obj)
 .text.gpio_nrfx_pin_interrupt_configure
                0x0000000000002720      0x110 zephyr/drivers/gpio/libdrivers__gpio.a(gpio_nrfx.c.obj)
 .text.gpio_nrfx_init
                0x0000000000002830       0x38 zephyr/drivers/gpio/libdrivers__gpio.a(gpio_nrfx.c.obj)
 .text.nrfx_gpio_handler
                0x0000000000002868       0x78 zephyr/drivers/gpio/libdrivers__gpio.a(gpio_nrfx.c.obj)
 .text.gpio_nrfx_pin_configure
                0x00000000000028e0      0x168 zephyr/drivers/gpio/libdrivers__gpio.a(gpio_nrfx.c.obj)
 .text.i2c_nrfx_twi_recover_bus
                0x0000000000002a48       0x24 zephyr/drivers/i2c/libdrivers__i2c.a(i2c_nrfx_twi.c.obj)
 .text.twi_0_init
                0x0000000000002a6c       0x58 zephyr/drivers/i2c/libdrivers__i2c.a(i2c_nrfx_twi.c.obj)
 .text.event_handler
                0x0000000000002ac4       0x34 zephyr/drivers/i2c/libdrivers__i2c.a(i2c_nrfx_twi.c.obj)
 .text.i2c_nrfx_twi_transfer
                0x0000000000002af8      0x100 zephyr/drivers/i2c/libdrivers__i2c.a(i2c_nrfx_twi.c.obj)
 .text.uarte_nrfx_configure
                0x0000000000002bf8      0x168 zephyr/drivers/serial/libdrivers__serial.a(uart_nrfx_uarte.c.obj)
 .text.uarte_instance_init.constprop.0
                0x0000000000002d60       0xe4 zephyr/drivers/serial/libdrivers__serial.a(uart_nrfx_uarte.c.obj)
 .text.uarte_nrfx_poll_out
                0x0000000000002e44       0xcc zephyr/drivers/serial/libdrivers__serial.a(uart_nrfx_uarte.c.obj)
 .text.sys_clock_timeout_handler
                0x0000000000002f10       0x48 zephyr/drivers/timer/libdrivers__timer.a(nrf_rtc_timer.c.obj)
 .text.z_nrf_rtc_timer_read
                0x0000000000002f58       0x44 zephyr/drivers/timer/libdrivers__timer.a(nrf_rtc_timer.c.obj)
                0x0000000000002f58                z_nrf_rtc_timer_read
 .text.rtc_nrf_isr
                0x0000000000002f9c       0xd4 zephyr/drivers/timer/libdrivers__timer.a(nrf_rtc_timer.c.obj)
                0x0000000000002f9c                rtc_nrf_isr
 .text.compare_set.constprop.0.isra.0
                0x0000000000003070      0x154 zephyr/drivers/timer/libdrivers__timer.a(nrf_rtc_timer.c.obj)
 .text.sys_clock_driver_init
                0x00000000000031c4       0x70 zephyr/drivers/timer/libdrivers__timer.a(nrf_rtc_timer.c.obj)
 .text.sys_clock_set_timeout
                0x0000000000003234       0x58 zephyr/drivers/timer/libdrivers__timer.a(nrf_rtc_timer.c.obj)
                0x0000000000003234                sys_clock_set_timeout
 .text.sys_clock_elapsed
                0x000000000000328c       0x14 zephyr/drivers/timer/libdrivers__timer.a(nrf_rtc_timer.c.obj)
                0x000000000000328c                sys_clock_elapsed
 .text.nrf_gpio_pin_port_decode
                0x00000000000032a0       0x5c zephyr/drivers/pinctrl/libdrivers__pinctrl.a(pinctrl_nrf.c.obj)
 .text.nrf52_errata_98
                0x00000000000032fc       0x24 modules/hal_nordic/nrfx/libmodules__hal_nordic__nrfx.a(system_nrf52840.c.obj)
 .text.nvmc_wait
                0x0000000000003320       0x10 modules/hal_nordic/nrfx/libmodules__hal_nordic__nrfx.a(system_nrf52840.c.obj)
                0x0000000000003320                nvmc_wait
 .text.SystemInit
                0x0000000000003330      0x1c8 modules/hal_nordic/nrfx/libmodules__hal_nordic__nrfx.a(system_nrf52840.c.obj)
                0x0000000000003330                SystemInit
 .text.nrfx_flag32_alloc
                0x00000000000034f8       0x40 modules/hal_nordic/nrfx/libmodules__hal_nordic__nrfx.a(nrfx_flag32_allocator.c.obj)
                0x00000000000034f8                nrfx_flag32_alloc
 .text.nrfx_flag32_free
                0x0000000000003538       0x40 modules/hal_nordic/nrfx/libmodules__hal_nordic__nrfx.a(nrfx_flag32_allocator.c.obj)
                0x0000000000003538                nrfx_flag32_free
 .text.clock_stop
                0x0000000000003578       0xfc modules/hal_nordic/nrfx/libmodules__hal_nordic__nrfx.a(nrfx_clock.c.obj)
 .text.nrfx_clock_init
                0x0000000000003674       0x48 modules/hal_nordic/nrfx/libmodules__hal_nordic__nrfx.a(nrfx_clock.c.obj)
                0x0000000000003674                nrfx_clock_init
 .text.nrfx_clock_enable
                0x00000000000036bc       0x48 modules/hal_nordic/nrfx/libmodules__hal_nordic__nrfx.a(nrfx_clock.c.obj)
                0x00000000000036bc                nrfx_clock_enable
 .text.nrfx_clock_start
                0x0000000000003704       0xbc modules/hal_nordic/nrfx/libmodules__hal_nordic__nrfx.a(nrfx_clock.c.obj)
                0x0000000000003704                nrfx_clock_start
 .text.nrfx_clock_stop
                0x00000000000037c0       0x38 modules/hal_nordic/nrfx/libmodules__hal_nordic__nrfx.a(nrfx_clock.c.obj)
                0x00000000000037c0                nrfx_clock_stop
 .text.nrfx_power_clock_irq_handler
                0x00000000000037f8       0x68 modules/hal_nordic/nrfx/libmodules__hal_nordic__nrfx.a(nrfx_clock.c.obj)
                0x00000000000037f8                nrfx_power_clock_irq_handler
 .text.pin_in_use_by_te
                0x0000000000003860       0x14 modules/hal_nordic/nrfx/libmodules__hal_nordic__nrfx.a(nrfx_gpiote.c.obj)
 .text.pin_has_trigger
                0x0000000000003874       0x18 modules/hal_nordic/nrfx/libmodules__hal_nordic__nrfx.a(nrfx_gpiote.c.obj)
 .text.pin_is_output
                0x000000000000388c       0x14 modules/hal_nordic/nrfx/libmodules__hal_nordic__nrfx.a(nrfx_gpiote.c.obj)
 .text.call_handler
                0x00000000000038a0       0x3c modules/hal_nordic/nrfx/libmodules__hal_nordic__nrfx.a(nrfx_gpiote.c.obj)
 .text.release_handler
                0x00000000000038dc       0x7c modules/hal_nordic/nrfx/libmodules__hal_nordic__nrfx.a(nrfx_gpiote.c.obj)
 .text.pin_handler_trigger_uninit
                0x0000000000003958       0x38 modules/hal_nordic/nrfx/libmodules__hal_nordic__nrfx.a(nrfx_gpiote.c.obj)
 .text.nrf_gpio_pin_port_decode
                0x0000000000003990       0x68 modules/hal_nordic/nrfx/libmodules__hal_nordic__nrfx.a(nrfx_gpiote.c.obj)
 .text.nrfx_gpiote_input_configure
                0x00000000000039f8      0x154 modules/hal_nordic/nrfx/libmodules__hal_nordic__nrfx.a(nrfx_gpiote.c.obj)
                0x00000000000039f8                nrfx_gpiote_input_configure
 .text.nrfx_gpiote_output_configure
                0x0000000000003b4c       0xe8 modules/hal_nordic/nrfx/libmodules__hal_nordic__nrfx.a(nrfx_gpiote.c.obj)
                0x0000000000003b4c                nrfx_gpiote_output_configure
 .text.nrfx_gpiote_global_callback_set
                0x0000000000003c34        0xc modules/hal_nordic/nrfx/libmodules__hal_nordic__nrfx.a(nrfx_gpiote.c.obj)
                0x0000000000003c34                nrfx_gpiote_global_callback_set
 .text.nrfx_gpiote_channel_get
                0x0000000000003c40       0x50 modules/hal_nordic/nrfx/libmodules__hal_nordic__nrfx.a(nrfx_gpiote.c.obj)
                0x0000000000003c40                nrfx_gpiote_channel_get
 .text.nrfx_gpiote_init
                0x0000000000003c90       0x50 modules/hal_nordic/nrfx/libmodules__hal_nordic__nrfx.a(nrfx_gpiote.c.obj)
                0x0000000000003c90                nrfx_gpiote_init
 .text.nrfx_gpiote_is_init
                0x0000000000003ce0       0x14 modules/hal_nordic/nrfx/libmodules__hal_nordic__nrfx.a(nrfx_gpiote.c.obj)
                0x0000000000003ce0                nrfx_gpiote_is_init
 .text.nrfx_gpiote_channel_free
                0x0000000000003cf4        0xc modules/hal_nordic/nrfx/libmodules__hal_nordic__nrfx.a(nrfx_gpiote.c.obj)
                0x0000000000003cf4                nrfx_gpiote_channel_free
 .text.nrfx_gpiote_channel_alloc
                0x0000000000003d00        0xc modules/hal_nordic/nrfx/libmodules__hal_nordic__nrfx.a(nrfx_gpiote.c.obj)
                0x0000000000003d00                nrfx_gpiote_channel_alloc
 .text.nrfx_gpiote_trigger_enable
                0x0000000000003d0c       0xd8 modules/hal_nordic/nrfx/libmodules__hal_nordic__nrfx.a(nrfx_gpiote.c.obj)
                0x0000000000003d0c                nrfx_gpiote_trigger_enable
 .text.nrfx_gpiote_trigger_disable
                0x0000000000003de4       0x54 modules/hal_nordic/nrfx/libmodules__hal_nordic__nrfx.a(nrfx_gpiote.c.obj)
                0x0000000000003de4                nrfx_gpiote_trigger_disable
 .text.nrfx_gpiote_pin_uninit
                0x0000000000003e38       0x48 modules/hal_nordic/nrfx/libmodules__hal_nordic__nrfx.a(nrfx_gpiote.c.obj)
                0x0000000000003e38                nrfx_gpiote_pin_uninit
 .text.nrfx_gpiote_irq_handler
                0x0000000000003e80      0x1c0 modules/hal_nordic/nrfx/libmodules__hal_nordic__nrfx.a(nrfx_gpiote.c.obj)
                0x0000000000003e80                nrfx_gpiote_irq_handler
 .text.nrfx_ppi_channel_alloc
                0x0000000000004040        0xc modules/hal_nordic/nrfx/libmodules__hal_nordic__nrfx.a(nrfx_ppi.c.obj)
                0x0000000000004040                nrfx_ppi_channel_alloc
 .text.nrf_gpio_pin_port_decode
                0x000000000000404c       0x5c modules/hal_nordic/nrfx/libmodules__hal_nordic__nrfx.a(nrfx_twi.c.obj)
 .text.twi_tx_start_transfer
                0x00000000000040a8      0x104 modules/hal_nordic/nrfx/libmodules__hal_nordic__nrfx.a(nrfx_twi.c.obj)
 .text.twi_rx_start_transfer
                0x00000000000041ac       0xe4 modules/hal_nordic/nrfx/libmodules__hal_nordic__nrfx.a(nrfx_twi.c.obj)
 .text.nrfx_twi_init
                0x0000000000004290       0xe0 modules/hal_nordic/nrfx/libmodules__hal_nordic__nrfx.a(nrfx_twi.c.obj)
                0x0000000000004290                nrfx_twi_init
 .text.nrfx_twi_enable
                0x0000000000004370       0x4c modules/hal_nordic/nrfx/libmodules__hal_nordic__nrfx.a(nrfx_twi.c.obj)
                0x0000000000004370                nrfx_twi_enable
 .text.nrfx_twi_disable
                0x00000000000043bc       0x64 modules/hal_nordic/nrfx/libmodules__hal_nordic__nrfx.a(nrfx_twi.c.obj)
                0x00000000000043bc                nrfx_twi_disable
 .text.nrfx_twi_xfer
                0x0000000000004420      0x12c modules/hal_nordic/nrfx/libmodules__hal_nordic__nrfx.a(nrfx_twi.c.obj)
                0x0000000000004420                nrfx_twi_xfer
 .text.nrfx_twi_0_irq_handler
                0x000000000000454c      0x100 modules/hal_nordic/nrfx/libmodules__hal_nordic__nrfx.a(nrfx_twi.c.obj)
                0x000000000000454c                nrfx_twi_0_irq_handler
 .text.nrf_gpio_pin_port_decode
                0x000000000000464c       0x5c modules/hal_nordic/nrfx/libmodules__hal_nordic__nrfx.a(nrfx_twi_twim.c.obj)
 .text.nrfx_twi_twim_bus_recover
                0x00000000000046a8       0xc8 modules/hal_nordic/nrfx/libmodules__hal_nordic__nrfx.a(nrfx_twi_twim.c.obj)
                0x00000000000046a8                nrfx_twi_twim_bus_recover
 .text._DoInit  0x0000000000004770       0x6c modules/segger/libmodules__segger.a(SEGGER_RTT.c.obj)
 .text.z_fatal_error
                0x00000000000047dc       0x64 zephyr/kernel/libkernel.a(fatal.c.obj)
                0x00000000000047dc                z_fatal_error
 .text.z_sys_init_run_level
                0x0000000000004840       0x44 zephyr/kernel/libkernel.a(init.c.obj)
 .text.bg_thread_main
                0x0000000000004884       0x34 zephyr/kernel/libkernel.a(init.c.obj)
 .text.z_bss_zero
                0x00000000000048b8       0x18 zephyr/kernel/libkernel.a(init.c.obj)
                0x00000000000048b8                z_bss_zero
 .text.z_init_cpu
                0x00000000000048d0       0x70 zephyr/kernel/libkernel.a(init.c.obj)
                0x00000000000048d0                z_init_cpu
 .text.z_cstart
                0x0000000000004940       0xe0 zephyr/kernel/libkernel.a(init.c.obj)
                0x0000000000004940                z_cstart
 .text.init_mem_slab_module
                0x0000000000004a20       0x50 zephyr/kernel/libkernel.a(mem_slab.c.obj)
 .text.k_mem_slab_alloc
                0x0000000000004a70       0xd4 zephyr/kernel/libkernel.a(mem_slab.c.obj)
                0x0000000000004a70                k_mem_slab_alloc
 .text.k_mem_slab_free
                0x0000000000004b44       0xc4 zephyr/kernel/libkernel.a(mem_slab.c.obj)
                0x0000000000004b44                k_mem_slab_free
 .text.z_setup_new_thread
                0x0000000000004c08       0xb0 zephyr/kernel/libkernel.a(thread.c.obj)
                0x0000000000004c08                z_setup_new_thread
 .text.z_impl_k_thread_create
                0x0000000000004cb8       0x8c zephyr/kernel/libkernel.a(thread.c.obj)
                0x0000000000004cb8                z_impl_k_thread_create
 .text.z_init_static_threads
                0x0000000000004d44      0x108 zephyr/kernel/libkernel.a(thread.c.obj)
                0x0000000000004d44                z_init_static_threads
 .text.z_spin_lock_valid
                0x0000000000004e4c       0x1c zephyr/kernel/libkernel.a(thread.c.obj)
                0x0000000000004e4c                z_spin_lock_valid
 .text.z_spin_unlock_valid
                0x0000000000004e68       0x20 zephyr/kernel/libkernel.a(thread.c.obj)
                0x0000000000004e68                z_spin_unlock_valid
 .text.z_spin_lock_set_owner
                0x0000000000004e88       0x10 zephyr/kernel/libkernel.a(thread.c.obj)
                0x0000000000004e88                z_spin_lock_set_owner
 .text.idle     0x0000000000004e98       0x64 zephyr/kernel/libkernel.a(idle.c.obj)
                0x0000000000004e98                idle
 .text.z_impl_k_mutex_lock
                0x0000000000004efc      0x1a0 zephyr/kernel/libkernel.a(mutex.c.obj)
                0x0000000000004efc                z_impl_k_mutex_lock
 .text.z_impl_k_mutex_unlock
                0x000000000000509c      0x11c zephyr/kernel/libkernel.a(mutex.c.obj)
                0x000000000000509c                z_impl_k_mutex_unlock
 .text.z_impl_k_sem_give
                0x00000000000051b8       0x7c zephyr/kernel/libkernel.a(sem.c.obj)
                0x00000000000051b8                z_impl_k_sem_give
 .text.z_impl_k_sem_take
                0x0000000000005234       0xf4 zephyr/kernel/libkernel.a(sem.c.obj)
                0x0000000000005234                z_impl_k_sem_take
 .text.z_reset_time_slice
                0x0000000000005328       0x28 zephyr/kernel/libkernel.a(sched.c.obj)
                0x0000000000005328                z_reset_time_slice
 .text.update_cache
                0x0000000000005350       0x68 zephyr/kernel/libkernel.a(sched.c.obj)
 .text.ready_thread
                0x00000000000053b8       0x94 zephyr/kernel/libkernel.a(sched.c.obj)
 .text.k_sched_time_slice_set
                0x000000000000544c       0xc8 zephyr/kernel/libkernel.a(sched.c.obj)
                0x000000000000544c                k_sched_time_slice_set
 .text.z_ready_thread
                0x0000000000005514       0x8c zephyr/kernel/libkernel.a(sched.c.obj)
                0x0000000000005514                z_ready_thread
 .text.z_reschedule
                0x00000000000055a0       0x84 zephyr/kernel/libkernel.a(sched.c.obj)
                0x00000000000055a0                z_reschedule
 .text.z_sched_start
                0x0000000000005624       0xa4 zephyr/kernel/libkernel.a(sched.c.obj)
                0x0000000000005624                z_sched_start
 .text.k_sched_lock
                0x00000000000056c8       0xd8 zephyr/kernel/libkernel.a(sched.c.obj)
                0x00000000000056c8                k_sched_lock
 .text.k_sched_unlock
                0x00000000000057a0       0xe8 zephyr/kernel/libkernel.a(sched.c.obj)
                0x00000000000057a0                k_sched_unlock
 .text.z_priq_dumb_remove
                0x0000000000005888       0x40 zephyr/kernel/libkernel.a(sched.c.obj)
                0x0000000000005888                z_priq_dumb_remove
 .text.move_thread_to_end_of_prio_q
                0x00000000000058c8       0xa4 zephyr/kernel/libkernel.a(sched.c.obj)
 .text.z_time_slice
                0x000000000000596c       0xec zephyr/kernel/libkernel.a(sched.c.obj)
                0x000000000000596c                z_time_slice
 .text.unready_thread
                0x0000000000005a58       0x38 zephyr/kernel/libkernel.a(sched.c.obj)
 .text.add_to_waitq_locked
                0x0000000000005a90       0x7c zephyr/kernel/libkernel.a(sched.c.obj)
 .text.pend_locked
                0x0000000000005b0c       0x30 zephyr/kernel/libkernel.a(sched.c.obj)
 .text.z_pend_curr
                0x0000000000005b3c       0xec zephyr/kernel/libkernel.a(sched.c.obj)
                0x0000000000005b3c                z_pend_curr
 .text.z_set_prio
                0x0000000000005c28      0x124 zephyr/kernel/libkernel.a(sched.c.obj)
                0x0000000000005c28                z_set_prio
 .text.z_impl_k_thread_suspend
                0x0000000000005d4c       0xd0 zephyr/kernel/libkernel.a(sched.c.obj)
                0x0000000000005d4c                z_impl_k_thread_suspend
 .text.unpend_thread_no_timeout
                0x0000000000005e1c       0x40 zephyr/kernel/libkernel.a(sched.c.obj)
 .text.z_thread_timeout
                0x0000000000005e5c       0xb0 zephyr/kernel/libkernel.a(sched.c.obj)
                0x0000000000005e5c                z_thread_timeout
 .text.z_unpend_first_thread
                0x0000000000005f0c       0xa0 zephyr/kernel/libkernel.a(sched.c.obj)
                0x0000000000005f0c                z_unpend_first_thread
 .text.z_sched_init
                0x0000000000005fac       0x18 zephyr/kernel/libkernel.a(sched.c.obj)
                0x0000000000005fac                z_sched_init
 .text.z_impl_k_yield
                0x0000000000005fc4      0x130 zephyr/kernel/libkernel.a(sched.c.obj)
                0x0000000000005fc4                z_impl_k_yield
 .text.z_tick_sleep
                0x00000000000060f4      0x144 zephyr/kernel/libkernel.a(sched.c.obj)
 .text.z_impl_k_sleep
                0x0000000000006238       0x68 zephyr/kernel/libkernel.a(sched.c.obj)
                0x0000000000006238                z_impl_k_sleep
 .text.z_impl_z_current_get
                0x00000000000062a0        0xc zephyr/kernel/libkernel.a(sched.c.obj)
                0x00000000000062a0                z_impl_z_current_get
 .text.z_thread_abort
                0x00000000000062ac      0x190 zephyr/kernel/libkernel.a(sched.c.obj)
                0x00000000000062ac                z_thread_abort
 .text.z_data_copy
                0x000000000000643c       0x34 zephyr/kernel/libkernel.a(xip.c.obj)
                0x000000000000643c                z_data_copy
 .text.elapsed  0x0000000000006470       0x14 zephyr/kernel/libkernel.a(timeout.c.obj)
 .text.next_timeout
                0x0000000000006484       0x50 zephyr/kernel/libkernel.a(timeout.c.obj)
 .text.remove_timeout
                0x00000000000064d4       0x38 zephyr/kernel/libkernel.a(timeout.c.obj)
 .text.z_add_timeout
                0x000000000000650c      0x18c zephyr/kernel/libkernel.a(timeout.c.obj)
                0x000000000000650c                z_add_timeout
 .text.z_abort_timeout
                0x0000000000006698       0x98 zephyr/kernel/libkernel.a(timeout.c.obj)
                0x0000000000006698                z_abort_timeout
 .text.z_get_next_timeout_expiry
                0x0000000000006730       0x8c zephyr/kernel/libkernel.a(timeout.c.obj)
                0x0000000000006730                z_get_next_timeout_expiry
 .text.z_set_timeout_expiry
                0x00000000000067bc       0xa0 zephyr/kernel/libkernel.a(timeout.c.obj)
                0x00000000000067bc                z_set_timeout_expiry
 .text.sys_clock_announce
                0x000000000000685c      0x140 zephyr/kernel/libkernel.a(timeout.c.obj)
                0x000000000000685c                sys_clock_announce
 .text.sys_clock_tick_get
                0x000000000000699c       0x9c zephyr/kernel/libkernel.a(timeout.c.obj)
                0x000000000000699c                sys_clock_tick_get
 .text.k_thread_system_pool_assign
                0x0000000000006a38        0xc zephyr/kernel/libkernel.a(mempool.c.obj)
                0x0000000000006a38                k_thread_system_pool_assign
 .text.boot_banner
                0x0000000000006a44        0xc zephyr/kernel/libkernel.a(banner.c.obj)
                0x0000000000006a44                boot_banner
 .text.statics_init
                0x0000000000006a50       0x50 zephyr/kernel/libkernel.a(kheap.c.obj)
 .text.nrf_cc3xx_platform_init_no_rng
                0x0000000000006aa0       0x38 /home/bruno/ncs/v2.3.0/nrfxlib/crypto/nrf_cc310_platform/lib/cortex-m4/soft-float/no-interrupts/libnrf_cc310_platform_0.9.16.a(nrf_cc3xx_platform.c.obj)
                0x0000000000006aa0                nrf_cc3xx_platform_init_no_rng
 .text.nrf_cc3xx_platform_abort
                0x0000000000006ad8       0x24 /home/bruno/ncs/v2.3.0/nrfxlib/crypto/nrf_cc310_platform/lib/cortex-m4/soft-float/no-interrupts/libnrf_cc310_platform_0.9.16.a(nrf_cc3xx_platform_abort.c.obj)
 .text.CC_PalAbort
                0x0000000000006afc       0x34 /home/bruno/ncs/v2.3.0/nrfxlib/crypto/nrf_cc310_platform/lib/cortex-m4/soft-float/no-interrupts/libnrf_cc310_platform_0.9.16.a(nrf_cc3xx_platform_abort.c.obj)
                0x0000000000006afc                CC_PalAbort
 .text.nrf_cc3xx_platform_set_abort
                0x0000000000006b30       0x10 /home/bruno/ncs/v2.3.0/nrfxlib/crypto/nrf_cc310_platform/lib/cortex-m4/soft-float/no-interrupts/libnrf_cc310_platform_0.9.16.a(nrf_cc3xx_platform_abort.c.obj)
                0x0000000000006b30                nrf_cc3xx_platform_set_abort
 .text.mutex_free
                0x0000000000006b40       0x34 /home/bruno/ncs/v2.3.0/nrfxlib/crypto/nrf_cc310_platform/lib/cortex-m4/soft-float/no-interrupts/libnrf_cc310_platform_0.9.16.a(nrf_cc3xx_platform_mutex.c.obj)
 .text.mutex_lock
                0x0000000000006b74       0x48 /home/bruno/ncs/v2.3.0/nrfxlib/crypto/nrf_cc310_platform/lib/cortex-m4/soft-float/no-interrupts/libnrf_cc310_platform_0.9.16.a(nrf_cc3xx_platform_mutex.c.obj)
 .text.mutex_unlock
                0x0000000000006bbc       0x38 /home/bruno/ncs/v2.3.0/nrfxlib/crypto/nrf_cc310_platform/lib/cortex-m4/soft-float/no-interrupts/libnrf_cc310_platform_0.9.16.a(nrf_cc3xx_platform_mutex.c.obj)
 .text.mutex_init
                0x0000000000006bf4       0x20 /home/bruno/ncs/v2.3.0/nrfxlib/crypto/nrf_cc310_platform/lib/cortex-m4/soft-float/no-interrupts/libnrf_cc310_platform_0.9.16.a(nrf_cc3xx_platform_mutex.c.obj)
 .text.nrf_cc3xx_platform_set_mutexes
                0x0000000000006c14       0x6c /home/bruno/ncs/v2.3.0/nrfxlib/crypto/nrf_cc310_platform/lib/cortex-m4/soft-float/no-interrupts/libnrf_cc310_platform_0.9.16.a(nrf_cc3xx_platform_mutex.c.obj)
                0x0000000000006c14                nrf_cc3xx_platform_set_mutexes
 .text.CC_LibInitNoRng
                0x0000000000006c80       0x64 /home/bruno/ncs/v2.3.0/nrfxlib/crypto/nrf_cc310_platform/lib/cortex-m4/soft-float/no-interrupts/libnrf_cc310_platform_0.9.16.a(cc_lib.c.obj)
                0x0000000000006c80                CC_LibInitNoRng
 .text.CC_HalInit
                0x0000000000006ce4        0x4 /home/bruno/ncs/v2.3.0/nrfxlib/crypto/nrf_cc310_platform/lib/cortex-m4/soft-float/no-interrupts/libnrf_cc310_platform_0.9.16.a(cc_hal.c.obj)
                0x0000000000006ce4                CC_HalInit
 .text.CC_HalTerminate
                0x0000000000006ce8        0x4 /home/bruno/ncs/v2.3.0/nrfxlib/crypto/nrf_cc310_platform/lib/cortex-m4/soft-float/no-interrupts/libnrf_cc310_platform_0.9.16.a(cc_hal.c.obj)
                0x0000000000006ce8                CC_HalTerminate
 .text.CC_HalMaskInterrupt
                0x0000000000006cec        0xc /home/bruno/ncs/v2.3.0/nrfxlib/crypto/nrf_cc310_platform/lib/cortex-m4/soft-float/no-interrupts/libnrf_cc310_platform_0.9.16.a(cc_hal.c.obj)
                0x0000000000006cec                CC_HalMaskInterrupt
 .text.CC_PalInit
                0x0000000000006cf8       0x5c /home/bruno/ncs/v2.3.0/nrfxlib/crypto/nrf_cc310_platform/lib/cortex-m4/soft-float/no-interrupts/libnrf_cc310_platform_0.9.16.a(cc_pal.c.obj)
                0x0000000000006cf8                CC_PalInit
 .text.CC_PalTerminate
                0x0000000000006d54       0x34 /home/bruno/ncs/v2.3.0/nrfxlib/crypto/nrf_cc310_platform/lib/cortex-m4/soft-float/no-interrupts/libnrf_cc310_platform_0.9.16.a(cc_pal.c.obj)
                0x0000000000006d54                CC_PalTerminate
 .text.CC_PalDmaInit
                0x0000000000006d88        0x4 /home/bruno/ncs/v2.3.0/nrfxlib/crypto/nrf_cc310_platform/lib/cortex-m4/soft-float/no-interrupts/libnrf_cc310_platform_0.9.16.a(cc_pal_dma.c.obj)
                0x0000000000006d88                CC_PalDmaInit
 .text.CC_PalDmaTerminate
                0x0000000000006d8c        0x4 /home/bruno/ncs/v2.3.0/nrfxlib/crypto/nrf_cc310_platform/lib/cortex-m4/soft-float/no-interrupts/libnrf_cc310_platform_0.9.16.a(cc_pal_dma.c.obj)
                0x0000000000006d8c                CC_PalDmaTerminate
 .text.CC_PalMutexCreate
                0x0000000000006d90       0x14 /home/bruno/ncs/v2.3.0/nrfxlib/crypto/nrf_cc310_platform/lib/cortex-m4/soft-float/no-interrupts/libnrf_cc310_platform_0.9.16.a(cc_pal_mutex.c.obj)
                0x0000000000006d90                CC_PalMutexCreate
 .text.CC_PalMutexDestroy
                0x0000000000006da4       0x14 /home/bruno/ncs/v2.3.0/nrfxlib/crypto/nrf_cc310_platform/lib/cortex-m4/soft-float/no-interrupts/libnrf_cc310_platform_0.9.16.a(cc_pal_mutex.c.obj)
                0x0000000000006da4                CC_PalMutexDestroy
 .text.CC_PalPowerSaveModeInit
                0x0000000000006db8       0x3c /home/bruno/ncs/v2.3.0/nrfxlib/crypto/nrf_cc310_platform/lib/cortex-m4/soft-float/no-interrupts/libnrf_cc310_platform_0.9.16.a(cc_pal_pm.c.obj)
                0x0000000000006db8                CC_PalPowerSaveModeInit
 .text.CC_PalPowerSaveModeSelect
                0x0000000000006df4       0x84 /home/bruno/ncs/v2.3.0/nrfxlib/crypto/nrf_cc310_platform/lib/cortex-m4/soft-float/no-interrupts/libnrf_cc310_platform_0.9.16.a(cc_pal_pm.c.obj)
                0x0000000000006df4                CC_PalPowerSaveModeSelect
 .text._OffsetAbsSyms
                0x0000000000006e78        0x2 zephyr/CMakeFiles/offsets.dir/./arch/arm/core/offsets/offsets.c.obj
                0x0000000000006e78                _OffsetAbsSyms
 .text.task_Buttons
                0x0000000000006e7a        0x2 app/libapp.a(main.c.obj)
                0x0000000000006e7a                task_Buttons
 .text.arch_printk_char_out
                0x0000000000006e7c        0x4 zephyr/libzephyr.a(printk.c.obj)
                0x0000000000006e7c                arch_printk_char_out
 .text.printk   0x0000000000006e80       0x1a zephyr/libzephyr.a(printk.c.obj)
                0x0000000000006e80                printk
 .text.z_thread_entry
                0x0000000000006e9a       0x14 zephyr/libzephyr.a(thread_entry.c.obj)
                0x0000000000006e9a                z_thread_entry
 .text.chunk_size
                0x0000000000006eae        0xa zephyr/libzephyr.a(heap.c.obj)
 .text.free_list_add
                0x0000000000006eb8       0x4e zephyr/libzephyr.a(heap.c.obj)
 .text.process_recheck
                0x0000000000006f06       0x38 zephyr/libzephyr.a(onoff.c.obj)
 .text.validate_args
                0x0000000000006f3e       0x20 zephyr/libzephyr.a(onoff.c.obj)
 .text.notify_one
                0x0000000000006f5e       0x2c zephyr/libzephyr.a(onoff.c.obj)
 .text.onoff_manager_init
                0x0000000000006f8a       0x26 zephyr/libzephyr.a(onoff.c.obj)
                0x0000000000006f8a                onoff_manager_init
 .text.sys_notify_validate
                0x0000000000006fb0       0x22 zephyr/libzephyr.a(notify.c.obj)
                0x0000000000006fb0                sys_notify_validate
 .text.encode_uint
                0x0000000000006fd2       0x8c zephyr/libzephyr.a(cbprintf_complete.c.obj)
 .text.outs     0x000000000000705e       0x2e zephyr/libzephyr.a(cbprintf_complete.c.obj)
 .text.assert_post_action
                0x000000000000708c        0xe zephyr/libzephyr.a(assert.c.obj)
                0x000000000000708c                assert_post_action
 .text.assert_print
                0x000000000000709a       0x1a zephyr/libzephyr.a(assert.c.obj)
                0x000000000000709a                assert_print
 .text._ConfigAbsSyms
                0x00000000000070b4        0x2 zephyr/libzephyr.a(configs.c.obj)
                0x00000000000070b4                _ConfigAbsSyms
 .text.abort_function
                0x00000000000070b6        0x8 zephyr/libzephyr.a(nrf_cc3xx_platform_abort_zephyr.c.obj)
 .text.z_arm_fatal_error
                0x00000000000070be        0x4 zephyr/arch/arch/arm/core/aarch32/libarch__arm__core__aarch32.a(fatal.c.obj)
                0x00000000000070be                z_arm_fatal_error
 .text.z_do_kernel_oops
                0x00000000000070c2        0x8 zephyr/arch/arch/arm/core/aarch32/libarch__arm__core__aarch32.a(fatal.c.obj)
                0x00000000000070c2                z_do_kernel_oops
 .text.z_irq_spurious
                0x00000000000070ca        0x8 zephyr/arch/arch/arm/core/aarch32/libarch__arm__core__aarch32.a(irq_manage.c.obj)
                0x00000000000070ca                z_irq_spurious
 .text.z_arm_nmi
                0x00000000000070d2        0xe zephyr/arch/arch/arm/core/aarch32/libarch__arm__core__aarch32.a(nmi.c.obj)
                0x00000000000070d2                z_arm_nmi
 .text.strcpy   0x00000000000070e0       0x14 zephyr/lib/libc/minimal/liblib__libc__minimal.a(string.c.obj)
                0x00000000000070e0                strcpy
 .text.strlen   0x00000000000070f4        0xe zephyr/lib/libc/minimal/liblib__libc__minimal.a(string.c.obj)
                0x00000000000070f4                strlen
 .text.strnlen  0x0000000000007102       0x12 zephyr/lib/libc/minimal/liblib__libc__minimal.a(string.c.obj)
                0x0000000000007102                strnlen
 .text.memcpy   0x0000000000007114       0x16 zephyr/lib/libc/minimal/liblib__libc__minimal.a(string.c.obj)
                0x0000000000007114                memcpy
 .text.memset   0x000000000000712a       0x12 zephyr/lib/libc/minimal/liblib__libc__minimal.a(string.c.obj)
                0x000000000000712a                memset
 .text._stdout_hook_default
                0x000000000000713c        0x6 zephyr/lib/libc/minimal/liblib__libc__minimal.a(stdout_console.c.obj)
 .text.pm_state_set
                0x0000000000007142       0x18 zephyr/soc/arm/nordic_nrf/nrf52/libsoc__arm__nordic_nrf__nrf52.a(power.c.obj)
                0x0000000000007142                pm_state_set
 .text.pm_state_exit_post_ops
                0x000000000000715a        0xc zephyr/soc/arm/nordic_nrf/nrf52/libsoc__arm__nordic_nrf__nrf52.a(power.c.obj)
                0x000000000000715a                pm_state_exit_post_ops
 .text.set_on_state
                0x0000000000007166       0x26 zephyr/drivers/clock_control/libdrivers__clock_control.a(clock_control_nrf.c.obj)
 .text.async_start
                0x000000000000718c       0x5e zephyr/drivers/clock_control/libdrivers__clock_control.a(clock_control_nrf.c.obj)
 .text.api_start
                0x00000000000071ea        0xe zephyr/drivers/clock_control/libdrivers__clock_control.a(clock_control_nrf.c.obj)
 .text.onoff_started_callback
                0x00000000000071f8        0xc zephyr/drivers/clock_control/libdrivers__clock_control.a(clock_control_nrf.c.obj)
 .text.lfclk_start
                0x0000000000007204        0x6 zephyr/drivers/clock_control/libdrivers__clock_control.a(clock_control_nrf.c.obj)
 .text.lfclk_stop
                0x000000000000720a        0x6 zephyr/drivers/clock_control/libdrivers__clock_control.a(clock_control_nrf.c.obj)
 .text.blocking_start_callback
                0x0000000000007210        0x6 zephyr/drivers/clock_control/libdrivers__clock_control.a(clock_control_nrf.c.obj)
 .text.api_stop
                0x0000000000007216        0x6 zephyr/drivers/clock_control/libdrivers__clock_control.a(clock_control_nrf.c.obj)
 .text.gpio_nrfx_port_get_raw
                0x000000000000721c        0xe zephyr/drivers/gpio/libdrivers__gpio.a(gpio_nrfx.c.obj)
 .text.gpio_nrfx_port_set_masked_raw
                0x000000000000722a       0x18 zephyr/drivers/gpio/libdrivers__gpio.a(gpio_nrfx.c.obj)
 .text.gpio_nrfx_port_set_bits_raw
                0x0000000000007242        0xc zephyr/drivers/gpio/libdrivers__gpio.a(gpio_nrfx.c.obj)
 .text.gpio_nrfx_port_clear_bits_raw
                0x000000000000724e        0xc zephyr/drivers/gpio/libdrivers__gpio.a(gpio_nrfx.c.obj)
 .text.gpio_nrfx_port_toggle_bits
                0x000000000000725a       0x1a zephyr/drivers/gpio/libdrivers__gpio.a(gpio_nrfx.c.obj)
 .text.i2c_nrfx_twi_configure
                0x0000000000007274       0x32 zephyr/drivers/i2c/libdrivers__i2c.a(i2c_nrfx_twi.c.obj)
 .text.uarte_nrfx_config_get
                0x00000000000072a6       0x10 zephyr/drivers/serial/libdrivers__serial.a(uart_nrfx_uarte.c.obj)
 .text.uarte_nrfx_err_check
                0x00000000000072b6        0xe zephyr/drivers/serial/libdrivers__serial.a(uart_nrfx_uarte.c.obj)
 .text.uarte_nrfx_poll_in
                0x00000000000072c4       0x28 zephyr/drivers/serial/libdrivers__serial.a(uart_nrfx_uarte.c.obj)
 .text.is_tx_ready.isra.0
                0x00000000000072ec       0x20 zephyr/drivers/serial/libdrivers__serial.a(uart_nrfx_uarte.c.obj)
 .text.uarte_nrfx_isr_int
                0x000000000000730c       0x72 zephyr/drivers/serial/libdrivers__serial.a(uart_nrfx_uarte.c.obj)
 .text.uarte_1_init
                0x000000000000737e       0x1e zephyr/drivers/serial/libdrivers__serial.a(uart_nrfx_uarte.c.obj)
 .text.uarte_0_init
                0x000000000000739c       0x1e zephyr/drivers/serial/libdrivers__serial.a(uart_nrfx_uarte.c.obj)
 .text.sys_clock_idle_exit
                0x00000000000073ba        0x2 zephyr/drivers/timer/libdrivers__timer.a(sys_clock_init.c.obj)
                0x00000000000073ba                sys_clock_idle_exit
 .text.pinctrl_lookup_state
                0x00000000000073bc       0x26 zephyr/drivers/pinctrl/libdrivers__pinctrl.a(common.c.obj)
                0x00000000000073bc                pinctrl_lookup_state
 .text.pinctrl_configure_pins
                0x00000000000073e2      0x15e zephyr/drivers/pinctrl/libdrivers__pinctrl.a(pinctrl_nrf.c.obj)
                0x00000000000073e2                pinctrl_configure_pins
 .text.k_sys_fatal_error_handler
                0x0000000000007540        0x8 modules/nrf/lib/fatal_error/lib..__nrf__lib__fatal_error.a(fatal_error.c.obj)
                0x0000000000007540                k_sys_fatal_error_handler
 .text.hw_cc3xx_init_internal
                0x0000000000007548        0x4 modules/nrf/drivers/hw_cc310/lib..__nrf__drivers__hw_cc310.a(hw_cc310.c.obj)
 .text.hw_cc3xx_init
                0x000000000000754c       0x12 modules/nrf/drivers/hw_cc310/lib..__nrf__drivers__hw_cc310.a(hw_cc310.c.obj)
 .text.nrfx_isr
                0x000000000000755e        0x2 modules/hal_nordic/nrfx/libmodules__hal_nordic__nrfx.a(nrfx_glue.c.obj)
                0x000000000000755e                nrfx_isr
 .text.nrfx_busy_wait
                0x0000000000007560        0x4 modules/hal_nordic/nrfx/libmodules__hal_nordic__nrfx.a(nrfx_glue.c.obj)
                0x0000000000007560                nrfx_busy_wait
 .text.nrf_gpio_pin_present_check
                0x0000000000007564       0x22 modules/hal_nordic/nrfx/libmodules__hal_nordic__nrfx.a(nrfx_gpiote.c.obj)
 .text.pin_is_task_output
                0x0000000000007586       0x16 modules/hal_nordic/nrfx/libmodules__hal_nordic__nrfx.a(nrfx_gpiote.c.obj)
 .text.nrf_gpio_reconfigure
                0x000000000000759c       0x9a modules/hal_nordic/nrfx/libmodules__hal_nordic__nrfx.a(nrfx_gpiote.c.obj)
 .text.nrf_gpio_cfg_sense_set
                0x0000000000007636       0x1e modules/hal_nordic/nrfx/libmodules__hal_nordic__nrfx.a(nrfx_gpiote.c.obj)
 .text.twi_transfer
                0x0000000000007654      0x130 modules/hal_nordic/nrfx/libmodules__hal_nordic__nrfx.a(nrfx_twi.c.obj)
 .text.nrf_gpio_pin_set
                0x0000000000007784       0x1a modules/hal_nordic/nrfx/libmodules__hal_nordic__nrfx.a(nrfx_twi_twim.c.obj)
 .text.SEGGER_RTT_Init
                0x000000000000779e        0x4 modules/segger/libmodules__segger.a(SEGGER_RTT.c.obj)
                0x000000000000779e                SEGGER_RTT_Init
 .text.rtt_init
                0x00000000000077a2        0xa modules/segger/libmodules__segger.a(SEGGER_RTT_zephyr.c.obj)
 .text.z_device_state_init
                0x00000000000077ac        0x2 zephyr/kernel/libkernel.a(device.c.obj)
                0x00000000000077ac                z_device_state_init
 .text.z_device_is_ready
                0x00000000000077ae       0x16 zephyr/kernel/libkernel.a(device.c.obj)
                0x00000000000077ae                z_device_is_ready
 .text.z_early_memset
                0x00000000000077c4        0x4 zephyr/kernel/libkernel.a(init.c.obj)
                0x00000000000077c4                z_early_memset
 .text.z_early_memcpy
                0x00000000000077c8        0x4 zephyr/kernel/libkernel.a(init.c.obj)
                0x00000000000077c8                z_early_memcpy
 .text.create_free_list
                0x00000000000077cc       0x2c zephyr/kernel/libkernel.a(mem_slab.c.obj)
 .text.k_mem_slab_init
                0x00000000000077f8       0x1e zephyr/kernel/libkernel.a(mem_slab.c.obj)
                0x00000000000077f8                k_mem_slab_init
 .text.k_is_in_isr
                0x0000000000007816        0xc zephyr/kernel/libkernel.a(thread.c.obj)
                0x0000000000007816                k_is_in_isr
 .text.z_pm_save_idle_exit
                0x0000000000007822        0xe zephyr/kernel/libkernel.a(idle.c.obj)
                0x0000000000007822                z_pm_save_idle_exit
 .text.adjust_owner_prio.isra.0
                0x0000000000007830       0x10 zephyr/kernel/libkernel.a(mutex.c.obj)
 .text.z_impl_k_mutex_init
                0x0000000000007840        0xe zephyr/kernel/libkernel.a(mutex.c.obj)
                0x0000000000007840                z_impl_k_mutex_init
 .text.z_reschedule_irqlock
                0x000000000000784e       0x18 zephyr/kernel/libkernel.a(sched.c.obj)
                0x000000000000784e                z_reschedule_irqlock
 .text.z_reschedule_unlocked
                0x0000000000007866       0x14 zephyr/kernel/libkernel.a(sched.c.obj)
 .text.sys_clock_tick_get_32
                0x000000000000787a        0x8 zephyr/kernel/libkernel.a(timeout.c.obj)
                0x000000000000787a                sys_clock_tick_get_32
 .text.z_impl_k_uptime_ticks
                0x0000000000007882        0x4 zephyr/kernel/libkernel.a(timeout.c.obj)
                0x0000000000007882                z_impl_k_uptime_ticks
 .text.z_impl_k_busy_wait
                0x0000000000007886        0x8 zephyr/kernel/libkernel.a(timeout.c.obj)
                0x0000000000007886                z_impl_k_busy_wait
 .text.k_heap_init
                0x000000000000788e       0x10 zephyr/kernel/libkernel.a(kheap.c.obj)
                0x000000000000788e                k_heap_init
 *(SORT_BY_ALIGNMENT(.TEXT.*))
 *(SORT_BY_ALIGNMENT(.gnu.linkonce.t.*))
 *(SORT_BY_ALIGNMENT(.glue_7t))
 .glue_7t       0x000000000000789e        0x0 linker stubs
 *(SORT_BY_ALIGNMENT(.glue_7))
 .glue_7        0x000000000000789e        0x0 linker stubs
 *(SORT_BY_ALIGNMENT(.vfp11_veneer))
 .vfp11_veneer  0x000000000000789e        0x0 linker stubs
 *(SORT_BY_ALIGNMENT(.v4_bx))
 .v4_bx         0x000000000000789e        0x0 linker stubs
                0x00000000000078a0                . = ALIGN (0x4)
 *fill*         0x000000000000789e        0x2 
                0x00000000000078a0                __text_region_end = .

.ARM.exidx      0x00000000000078a0        0x8
                0x00000000000078a0                __exidx_start = .
 *(SORT_BY_ALIGNMENT(.ARM.exidx*) SORT_BY_ALIGNMENT(gnu.linkonce.armexidx.*))
 .ARM.exidx     0x00000000000078a0        0x8 /home/bruno/zephyr-sdk-0.15.2/arm-zephyr-eabi/bin/../lib/gcc/arm-zephyr-eabi/12.1.0/thumb/v7e-m/nofp/libgcc.a(_udivmoddi4.o)
                0x00000000000078a8                __exidx_end = .
                0x00000000000078a8                __rodata_region_start = .

initlevel       0x00000000000078a8       0x70
                0x00000000000078a8                __init_start = .
                0x00000000000078a8                __init_EARLY_start = .
 *(SORT_BY_NAME(SORT_BY_ALIGNMENT(.z_init_EARLY[0-9]_*)))
 *(SORT_BY_NAME(SORT_BY_ALIGNMENT(.z_init_EARLY[1-9][0-9]_*)))
                0x00000000000078a8                __init_PRE_KERNEL_1_start = .
 *(SORT_BY_NAME(SORT_BY_ALIGNMENT(.z_init_PRE_KERNEL_1[0-9]_*)))
 .z_init_PRE_KERNEL_10_
                0x00000000000078a8        0x8 zephyr/soc/arm/nordic_nrf/nrf52/libsoc__arm__nordic_nrf__nrf52.a(soc.c.obj)
 *(SORT_BY_NAME(SORT_BY_ALIGNMENT(.z_init_PRE_KERNEL_1[1-9][0-9]_*)))
 .z_init_PRE_KERNEL_130_
                0x00000000000078b0        0x8 zephyr/drivers/clock_control/libdrivers__clock_control.a(clock_control_nrf.c.obj)
 .z_init_PRE_KERNEL_130_
                0x00000000000078b8        0x8 modules/segger/libmodules__segger.a(SEGGER_RTT_zephyr.c.obj)
 .z_init_PRE_KERNEL_130_
                0x00000000000078c0        0x8 zephyr/kernel/libkernel.a(mem_slab.c.obj)
 .z_init_PRE_KERNEL_130_
                0x00000000000078c8        0x8 zephyr/kernel/libkernel.a(kheap.c.obj)
 .z_init_PRE_KERNEL_140_
                0x00000000000078d0       0x10 zephyr/drivers/gpio/libdrivers__gpio.a(gpio_nrfx.c.obj)
 .z_init_PRE_KERNEL_140_
                0x00000000000078e0        0x8 modules/nrf/drivers/hw_cc310/lib..__nrf__drivers__hw_cc310.a(hw_cc310.c.obj)
 .z_init_PRE_KERNEL_155_
                0x00000000000078e8       0x10 zephyr/drivers/serial/libdrivers__serial.a(uart_nrfx_uarte.c.obj)
 .z_init_PRE_KERNEL_160_
                0x00000000000078f8        0x8 zephyr/drivers/console/libdrivers__console.a(uart_console.c.obj)
                0x0000000000007900                __init_PRE_KERNEL_2_start = .
 *(SORT_BY_NAME(SORT_BY_ALIGNMENT(.z_init_PRE_KERNEL_2[0-9]_*)))
 .z_init_PRE_KERNEL_20_
                0x0000000000007900        0x8 zephyr/drivers/timer/libdrivers__timer.a(nrf_rtc_timer.c.obj)
 *(SORT_BY_NAME(SORT_BY_ALIGNMENT(.z_init_PRE_KERNEL_2[1-9][0-9]_*)))
                0x0000000000007908                __init_POST_KERNEL_start = .
 *(SORT_BY_NAME(SORT_BY_ALIGNMENT(.z_init_POST_KERNEL[0-9]_*)))
 *(SORT_BY_NAME(SORT_BY_ALIGNMENT(.z_init_POST_KERNEL[1-9][0-9]_*)))
 .z_init_POST_KERNEL40_
                0x0000000000007908        0x8 modules/nrf/drivers/hw_cc310/lib..__nrf__drivers__hw_cc310.a(hw_cc310.c.obj)
 .z_init_POST_KERNEL50_
                0x0000000000007910        0x8 zephyr/drivers/i2c/libdrivers__i2c.a(i2c_nrfx_twi.c.obj)
                0x0000000000007918                __init_APPLICATION_start = .
 *(SORT_BY_NAME(SORT_BY_ALIGNMENT(.z_init_APPLICATION[0-9]_*)))
 *(SORT_BY_NAME(SORT_BY_ALIGNMENT(.z_init_APPLICATION[1-9][0-9]_*)))
                0x0000000000007918                __init_SMP_start = .
 *(SORT_BY_NAME(SORT_BY_ALIGNMENT(.z_init_SMP[0-9]_*)))
 *(SORT_BY_NAME(SORT_BY_ALIGNMENT(.z_init_SMP[1-9][0-9]_*)))
                0x0000000000007918                __init_end = .

devices         0x0000000000007918       0x90
                0x0000000000007918                __device_start = .
                0x0000000000007918                __device_EARLY_start = .
 *(SORT_BY_NAME(SORT_BY_ALIGNMENT(.z_device_EARLY[0-9]_*)))
 *(SORT_BY_NAME(SORT_BY_ALIGNMENT(.z_device_EARLY[1-9][0-9]_*)))
                0x0000000000007918                __device_PRE_KERNEL_1_start = .
 *(SORT_BY_NAME(SORT_BY_ALIGNMENT(.z_device_PRE_KERNEL_1[0-9]_*)))
 *(SORT_BY_NAME(SORT_BY_ALIGNMENT(.z_device_PRE_KERNEL_1[1-9][0-9]_*)))
 .z_device_PRE_KERNEL_130_
                0x0000000000007918       0x18 zephyr/drivers/clock_control/libdrivers__clock_control.a(clock_control_nrf.c.obj)
                0x0000000000007918                __device_dts_ord_74
 .z_device_PRE_KERNEL_140_
                0x0000000000007930       0x30 zephyr/drivers/gpio/libdrivers__gpio.a(gpio_nrfx.c.obj)
                0x0000000000007930                __device_dts_ord_104
                0x0000000000007948                __device_dts_ord_11
 .z_device_PRE_KERNEL_155_
                0x0000000000007960       0x30 zephyr/drivers/serial/libdrivers__serial.a(uart_nrfx_uarte.c.obj)
                0x0000000000007960                __device_dts_ord_113
                0x0000000000007978                __device_dts_ord_112
                0x0000000000007990                __device_PRE_KERNEL_2_start = .
 *(SORT_BY_NAME(SORT_BY_ALIGNMENT(.z_device_PRE_KERNEL_2[0-9]_*)))
 *(SORT_BY_NAME(SORT_BY_ALIGNMENT(.z_device_PRE_KERNEL_2[1-9][0-9]_*)))
                0x0000000000007990                __device_POST_KERNEL_start = .
 *(SORT_BY_NAME(SORT_BY_ALIGNMENT(.z_device_POST_KERNEL[0-9]_*)))
 *(SORT_BY_NAME(SORT_BY_ALIGNMENT(.z_device_POST_KERNEL[1-9][0-9]_*)))
 .z_device_POST_KERNEL50_
                0x0000000000007990       0x18 zephyr/drivers/i2c/libdrivers__i2c.a(i2c_nrfx_twi.c.obj)
                0x0000000000007990                __device_dts_ord_127
                0x00000000000079a8                __device_APPLICATION_start = .
 *(SORT_BY_NAME(SORT_BY_ALIGNMENT(.z_device_APPLICATION[0-9]_*)))
 *(SORT_BY_NAME(SORT_BY_ALIGNMENT(.z_device_APPLICATION[1-9][0-9]_*)))
                0x00000000000079a8                __device_SMP_start = .
 *(SORT_BY_NAME(SORT_BY_ALIGNMENT(.z_device_SMP[0-9]_*)))
 *(SORT_BY_NAME(SORT_BY_ALIGNMENT(.z_device_SMP[1-9][0-9]_*)))
                0x00000000000079a8                __device_end = .

sw_isr_table    0x00000000000079a8      0x180
                0x00000000000079a8                . = ALIGN (0x4)
 *(SORT_BY_ALIGNMENT(.gnu.linkonce.sw_isr_table*))
 .gnu.linkonce.sw_isr_table
                0x00000000000079a8      0x180 zephyr/arch/common/libisr_tables.a(isr_tables.c.obj)
                0x00000000000079a8                _sw_isr_table

initlevel_error
                0x00000000000078a8        0x0
 *(SORT_BY_NAME(SORT_BY_ALIGNMENT(.z_init_[_A-Z0-9]*)))
                0x0000000000000001                ASSERT ((SIZEOF (initlevel_error) == 0x0), Undefined initialization levels used.)

app_shmem_regions
                0x0000000000007b28        0x0
                0x0000000000007b28                __app_shmem_regions_start = .
 *(SORT_BY_NAME(SORT_BY_ALIGNMENT(.app_regions.*)))
                0x0000000000007b28                __app_shmem_regions_end = .

k_p4wq_initparam_area
                0x0000000000007b28        0x0
                0x0000000000007b28                _k_p4wq_initparam_list_start = .
 *(SORT_BY_NAME(SORT_BY_ALIGNMENT(._k_p4wq_initparam.static.*)))
                0x0000000000007b28                _k_p4wq_initparam_list_end = .

_static_thread_data_area
                0x0000000000007b28        0x0
                0x0000000000007b28                __static_thread_data_list_start = .
 *(SORT_BY_NAME(SORT_BY_ALIGNMENT(.__static_thread_data.static.*)))
                0x0000000000007b28                __static_thread_data_list_end = .

device_handles  0x0000000000007b28       0x58
                0x0000000000007b28                __device_handles_start = .
 *(SORT_BY_NAME(SORT_BY_ALIGNMENT(.__device_handles_pass1*)))
 .__device_handles_pass1
                0x0000000000007b28        0xa zephyr/drivers/clock_control/libdrivers__clock_control.a(clock_control_nrf.c.obj)
                0x0000000000007b28                __devicehdl_dts_ord_74
 .__device_handles_pass1
                0x0000000000007b32       0x22 zephyr/drivers/gpio/libdrivers__gpio.a(gpio_nrfx.c.obj)
                0x0000000000007b32                __devicehdl_dts_ord_104
                0x0000000000007b3c                __devicehdl_dts_ord_11
 .__device_handles_pass1
                0x0000000000007b54       0x10 zephyr/drivers/i2c/libdrivers__i2c.a(i2c_nrfx_twi.c.obj)
                0x0000000000007b54                __devicehdl_dts_ord_127
 .__device_handles_pass1
                0x0000000000007b64       0x1c zephyr/drivers/serial/libdrivers__serial.a(uart_nrfx_uarte.c.obj)
                0x0000000000007b64                __devicehdl_dts_ord_113
                0x0000000000007b72                __devicehdl_dts_ord_112
                0x0000000000007b80                __device_handles_end = .

ztest           0x0000000000007b80        0x0
                0x0000000000007b80                _ztest_expected_result_entry_list_start = .
 *(SORT_BY_NAME(SORT_BY_ALIGNMENT(._ztest_expected_result_entry.static.*)))
                0x0000000000007b80                _ztest_expected_result_entry_list_end = .
                0x0000000000007b80                _ztest_suite_node_list_start = .
 *(SORT_BY_NAME(SORT_BY_ALIGNMENT(._ztest_suite_node.static.*)))
                0x0000000000007b80                _ztest_suite_node_list_end = .
                0x0000000000007b80                _ztest_unit_test_list_start = .
 *(SORT_BY_NAME(SORT_BY_ALIGNMENT(._ztest_unit_test.static.*)))
                0x0000000000007b80                _ztest_unit_test_list_end = .
                0x0000000000007b80                _ztest_test_rule_list_start = .
 *(SORT_BY_NAME(SORT_BY_ALIGNMENT(._ztest_test_rule.static.*)))
                0x0000000000007b80                _ztest_test_rule_list_end = .

bt_l2cap_fixed_chan_area
                0x0000000000007b80        0x0
                0x0000000000007b80                _bt_l2cap_fixed_chan_list_start = .
 *(SORT_BY_NAME(SORT_BY_ALIGNMENT(._bt_l2cap_fixed_chan.static.*)))
                0x0000000000007b80                _bt_l2cap_fixed_chan_list_end = .

bt_gatt_service_static_area
                0x0000000000007b80        0x0
                0x0000000000007b80                _bt_gatt_service_static_list_start = .
 *(SORT_BY_NAME(SORT_BY_ALIGNMENT(._bt_gatt_service_static.static.*)))
                0x0000000000007b80                _bt_gatt_service_static_list_end = .

log_strings_sections
                0x0000000000007b80        0x0
                0x0000000000007b80                __log_strings_start = .
 *(SORT_BY_NAME(SORT_BY_ALIGNMENT(.log_strings*)))
                0x0000000000007b80                __log_strings_end = .

log_const_sections
                0x0000000000007b80       0x70
                0x0000000000007b80                __log_const_start = .
 *(SORT_BY_NAME(SORT_BY_ALIGNMENT(.log_const_*)))
 .log_const_NRFX_CLOCK
                0x0000000000007b80        0x8 modules/hal_nordic/nrfx/libmodules__hal_nordic__nrfx.a(nrfx_clock.c.obj)
                0x0000000000007b80                log_const_NRFX_CLOCK
 .log_const_NRFX_GPIOTE
                0x0000000000007b88        0x8 modules/hal_nordic/nrfx/libmodules__hal_nordic__nrfx.a(nrfx_gpiote.c.obj)
                0x0000000000007b88                log_const_NRFX_GPIOTE
 .log_const_NRFX_PPI
                0x0000000000007b90        0x8 modules/hal_nordic/nrfx/libmodules__hal_nordic__nrfx.a(nrfx_ppi.c.obj)
                0x0000000000007b90                log_const_NRFX_PPI
 .log_const_NRFX_TWI
                0x0000000000007b98        0x8 modules/hal_nordic/nrfx/libmodules__hal_nordic__nrfx.a(nrfx_twi.c.obj)
                0x0000000000007b98                log_const_NRFX_TWI
 .log_const_cbprintf_package
                0x0000000000007ba0        0x8 zephyr/libzephyr.a(cbprintf_packaged.c.obj)
                0x0000000000007ba0                log_const_cbprintf_package
 .log_const_clock_control
                0x0000000000007ba8        0x8 zephyr/drivers/clock_control/libdrivers__clock_control.a(clock_control_nrf.c.obj)
                0x0000000000007ba8                log_const_clock_control
 .log_const_fatal_error
                0x0000000000007bb0        0x8 modules/nrf/lib/fatal_error/lib..__nrf__lib__fatal_error.a(fatal_error.c.obj)
                0x0000000000007bb0                log_const_fatal_error
 .log_const_i2c
                0x0000000000007bb8        0x8 zephyr/drivers/i2c/libdrivers__i2c.a(i2c_common.c.obj)
                0x0000000000007bb8                log_const_i2c
 .log_const_i2c_nrfx_twi
                0x0000000000007bc0        0x8 zephyr/drivers/i2c/libdrivers__i2c.a(i2c_nrfx_twi.c.obj)
                0x0000000000007bc0                log_const_i2c_nrfx_twi
 .log_const_mpu
                0x0000000000007bc8        0x8 zephyr/arch/arch/arm/core/aarch32/mpu/libarch__arm__core__aarch32__mpu.a(arm_core_mpu.c.obj)
                0x0000000000007bc8                log_const_mpu
 .log_const_os  0x0000000000007bd0        0x8 zephyr/kernel/libkernel.a(init.c.obj)
                0x0000000000007bd0                log_const_os
 .log_const_pm  0x0000000000007bd8        0x8 zephyr/libzephyr.a(pm.c.obj)
                0x0000000000007bd8                log_const_pm
 .log_const_soc
                0x0000000000007be0        0x8 zephyr/soc/arm/nordic_nrf/nrf52/libsoc__arm__nordic_nrf__nrf52.a(soc.c.obj)
                0x0000000000007be0                log_const_soc
 .log_const_uart_nrfx_uarte
                0x0000000000007be8        0x8 zephyr/drivers/serial/libdrivers__serial.a(uart_nrfx_uarte.c.obj)
                0x0000000000007be8                log_const_uart_nrfx_uarte
                0x0000000000007bf0                __log_const_end = .

log_backend_area
                0x0000000000007bf0        0x0
                0x0000000000007bf0                _log_backend_list_start = .
 *(SORT_BY_NAME(SORT_BY_ALIGNMENT(._log_backend.static.*)))
                0x0000000000007bf0                _log_backend_list_end = .

log_link_area   0x0000000000007bf0        0x0
                0x0000000000007bf0                _log_link_list_start = .
 *(SORT_BY_NAME(SORT_BY_ALIGNMENT(._log_link.static.*)))
                0x0000000000007bf0                _log_link_list_end = .

tracing_backend_area
                0x0000000000007bf0        0x0
                0x0000000000007bf0                _tracing_backend_list_start = .
 *(SORT_BY_NAME(SORT_BY_ALIGNMENT(._tracing_backend.static.*)))
                0x0000000000007bf0                _tracing_backend_list_end = .

zephyr_dbg_info
 *(SORT_BY_ALIGNMENT(.dbg_thread_info))

symbol_to_keep  0x0000000000007bf0        0x0
                0x0000000000007bf0                __symbol_to_keep_start = .
 *(SORT_BY_NAME(SORT_BY_ALIGNMENT(.symbol_to_keep*)))
                0x0000000000007bf0                __symbol_to_keep_end = .

shell_area      0x0000000000007bf0        0x0
                0x0000000000007bf0                _shell_list_start = .
 *(SORT_BY_NAME(SORT_BY_ALIGNMENT(._shell.static.*)))
                0x0000000000007bf0                _shell_list_end = .

shell_root_cmds_sections
                0x0000000000007bf0        0x0
                0x0000000000007bf0                __shell_root_cmds_start = .
 *(SORT_BY_NAME(SORT_BY_ALIGNMENT(.shell_root_cmd_*)))
                0x0000000000007bf0                __shell_root_cmds_end = .

shell_subcmds_sections
                0x0000000000007bf0        0x0
                0x0000000000007bf0                __shell_subcmds_start = .
 *(SORT_BY_NAME(SORT_BY_ALIGNMENT(.shell_subcmd_*)))
                0x0000000000007bf0                __shell_subcmds_end = .

shell_dynamic_subcmds_sections
                0x0000000000007bf0        0x0
                0x0000000000007bf0                __shell_dynamic_subcmds_start = .
 *(SORT_BY_NAME(SORT_BY_ALIGNMENT(.shell_dynamic_subcmd_*)))
                0x0000000000007bf0                __shell_dynamic_subcmds_end = .

font_entry_sections
                0x0000000000007bf0        0x0
                0x0000000000007bf0                __font_entry_start = .
 *(SORT_BY_NAME(SORT_BY_ALIGNMENT(._cfb_font.*)))
                0x0000000000007bf0                __font_entry_end = .

rodata          0x0000000000007bf0     0x1394
 *(SORT_BY_ALIGNMENT(.rodata))
 *(SORT_BY_ALIGNMENT(.rodata.*))
 .rodata.delay_machine_code.0
                0x0000000000007bf0        0x6 zephyr/soc/arm/nordic_nrf/nrf52/libsoc__arm__nordic_nrf__nrf52.a(soc.c.obj)
 *fill*         0x0000000000007bf6        0x2 
 .rodata.pmstates_DT_N_S_cpus_S_cpu_0
                0x0000000000007bf8        0x0 zephyr/libzephyr.a(state.c.obj)
 .rodata.apis   0x0000000000007bf8        0x8 zephyr/libzephyr.a(nrf_cc3xx_platform_abort_zephyr.c.obj)
 .rodata.mutexes
                0x0000000000007c00       0x14 zephyr/libzephyr.a(nrf_cc3xx_platform_mutex_zephyr.c.obj)
 .rodata.mutex_apis
                0x0000000000007c14       0x10 zephyr/libzephyr.a(nrf_cc3xx_platform_mutex_zephyr.c.obj)
 .rodata.static_regions
                0x0000000000007c24        0xc zephyr/arch/arch/arm/core/aarch32/mpu/libarch__arm__core__aarch32__mpu.a(arm_core_mpu.c.obj)
 .rodata.mpu_config
                0x0000000000007c30        0x8 zephyr/soc/arm/common/cortex_m/libsoc__arm__common__cortex_m.a(arm_mpu_regions.c.obj)
                0x0000000000007c30                mpu_config
 .rodata.mpu_regions
                0x0000000000007c38       0x18 zephyr/soc/arm/common/cortex_m/libsoc__arm__common__cortex_m.a(arm_mpu_regions.c.obj)
 .rodata.transitions.0
                0x0000000000007c50        0xc zephyr/drivers/clock_control/libdrivers__clock_control.a(clock_control_nrf.c.obj)
 .rodata.config
                0x0000000000007c5c       0x10 zephyr/drivers/clock_control/libdrivers__clock_control.a(clock_control_nrf.c.obj)
 .rodata.clock_control_api
                0x0000000000007c6c       0x1c zephyr/drivers/clock_control/libdrivers__clock_control.a(clock_control_nrf.c.obj)
 .rodata.gpio_nrfx_p1_cfg
                0x0000000000007c88       0x10 zephyr/drivers/gpio/libdrivers__gpio.a(gpio_nrfx.c.obj)
 .rodata.gpio_nrfx_p0_cfg
                0x0000000000007c98       0x10 zephyr/drivers/gpio/libdrivers__gpio.a(gpio_nrfx.c.obj)
 .rodata.gpio_nrfx_drv_api_funcs
                0x0000000000007ca8       0x24 zephyr/drivers/gpio/libdrivers__gpio.a(gpio_nrfx.c.obj)
 .rodata.twi_0z_config
                0x0000000000007ccc       0x1c zephyr/drivers/i2c/libdrivers__i2c.a(i2c_nrfx_twi.c.obj)
 .rodata.__pinctrl_dev_config__device_dts_ord_127
                0x0000000000007ce8        0xc zephyr/drivers/i2c/libdrivers__i2c.a(i2c_nrfx_twi.c.obj)
 .rodata.__pinctrl_states__device_dts_ord_127
                0x0000000000007cf4        0x8 zephyr/drivers/i2c/libdrivers__i2c.a(i2c_nrfx_twi.c.obj)
 .rodata.__pinctrl_state_pins_0__device_dts_ord_127
                0x0000000000007cfc        0x8 zephyr/drivers/i2c/libdrivers__i2c.a(i2c_nrfx_twi.c.obj)
 .rodata.i2c_nrfx_twi_driver_api
                0x0000000000007d04       0x18 zephyr/drivers/i2c/libdrivers__i2c.a(i2c_nrfx_twi.c.obj)
 .rodata.uarte_1z_config
                0x0000000000007d1c       0x10 zephyr/drivers/serial/libdrivers__serial.a(uart_nrfx_uarte.c.obj)
 .rodata.__pinctrl_dev_config__device_dts_ord_113
                0x0000000000007d2c        0xc zephyr/drivers/serial/libdrivers__serial.a(uart_nrfx_uarte.c.obj)
 .rodata.__pinctrl_states__device_dts_ord_113
                0x0000000000007d38        0x8 zephyr/drivers/serial/libdrivers__serial.a(uart_nrfx_uarte.c.obj)
 .rodata.__pinctrl_state_pins_0__device_dts_ord_113
                0x0000000000007d40        0x8 zephyr/drivers/serial/libdrivers__serial.a(uart_nrfx_uarte.c.obj)
 .rodata.uarte_0z_config
                0x0000000000007d48       0x10 zephyr/drivers/serial/libdrivers__serial.a(uart_nrfx_uarte.c.obj)
 .rodata.__pinctrl_dev_config__device_dts_ord_112
                0x0000000000007d58        0xc zephyr/drivers/serial/libdrivers__serial.a(uart_nrfx_uarte.c.obj)
 .rodata.__pinctrl_states__device_dts_ord_112
                0x0000000000007d64        0x8 zephyr/drivers/serial/libdrivers__serial.a(uart_nrfx_uarte.c.obj)
 .rodata.__pinctrl_state_pins_0__device_dts_ord_112
                0x0000000000007d6c       0x10 zephyr/drivers/serial/libdrivers__serial.a(uart_nrfx_uarte.c.obj)
 .rodata.uart_nrfx_uarte_driver_api
                0x0000000000007d7c       0x14 zephyr/drivers/serial/libdrivers__serial.a(uart_nrfx_uarte.c.obj)
 .rodata._k_neg_eagain
                0x0000000000007d90        0x4 zephyr/kernel/libkernel.a(errno.c.obj)
                0x0000000000007d90                _k_neg_eagain
 .rodata.levels.0
                0x0000000000007d94       0x18 zephyr/kernel/libkernel.a(init.c.obj)
 .rodata.CSWTCH.10
                0x0000000000007dac       0x1c /home/bruno/ncs/v2.3.0/nrfxlib/crypto/nrf_cc310_platform/lib/cortex-m4/soft-float/no-interrupts/libnrf_cc310_platform_0.9.16.a(nrf_cc3xx_platform.c.obj)
 .rodata.mutex_free.str1.4
                0x0000000000007dc8       0x26 /home/bruno/ncs/v2.3.0/nrfxlib/crypto/nrf_cc310_platform/lib/cortex-m4/soft-float/no-interrupts/libnrf_cc310_platform_0.9.16.a(nrf_cc3xx_platform_mutex.c.obj)
 *fill*         0x0000000000007dee        0x2 
 .rodata.mutex_init.str1.4
                0x0000000000007df0       0x23 /home/bruno/ncs/v2.3.0/nrfxlib/crypto/nrf_cc310_platform/lib/cortex-m4/soft-float/no-interrupts/libnrf_cc310_platform_0.9.16.a(nrf_cc3xx_platform_mutex.c.obj)
 *fill*         0x0000000000007e13        0x1 
 .rodata.CC_PalPowerSaveModeInit.str1.4
                0x0000000000007e14       0x20 /home/bruno/ncs/v2.3.0/nrfxlib/crypto/nrf_cc310_platform/lib/cortex-m4/soft-float/no-interrupts/libnrf_cc310_platform_0.9.16.a(cc_pal_pm.c.obj)
 .rodata.task_Temperature.str1.1
                0x0000000000007e34       0x41 app/libapp.a(main.c.obj)
 .rodata.main.str1.1
                0x0000000000007e75       0x1b app/libapp.a(main.c.obj)
 .rodata.str1.1
                0x0000000000007e90       0x11 zephyr/libzephyr.a(cbprintf_packaged.c.obj)
 .rodata.sys_heap_free.str1.1
                0x0000000000007ea1       0xe9 zephyr/libzephyr.a(heap.c.obj)
 .rodata.sys_heap_init.str1.1
                0x0000000000007f8a       0xbb zephyr/libzephyr.a(heap.c.obj)
 .rodata.process_event.str1.1
                0x0000000000008045      0x129 zephyr/libzephyr.a(onoff.c.obj)
                                        0x148 (size before relaxing)
 .rodata.sys_notify_finalize.str1.1
                0x000000000000816e       0x23 zephyr/libzephyr.a(notify.c.obj)
                                         0x42 (size before relaxing)
 .rodata.z_cbvprintf_impl.str1.1
                0x0000000000008191        0x6 zephyr/libzephyr.a(cbprintf_complete.c.obj)
 .rodata.sys_reboot.str1.1
                0x0000000000008197       0x29 zephyr/libzephyr.a(reboot.c.obj)
 .rodata.pm_state_notify.str1.1
                0x00000000000081c0       0xa3 zephyr/libzephyr.a(pm.c.obj)
 .rodata.str1.1
                0x00000000000081c0        0x3 zephyr/libzephyr.a(pm.c.obj)
 .rodata.mutex_free_platform.str1.1
                0x00000000000081c3       0x26 zephyr/libzephyr.a(nrf_cc3xx_platform_mutex_zephyr.c.obj)
 .rodata.mutex_init_platform.str1.1
                0x00000000000081e9       0x2d zephyr/libzephyr.a(nrf_cc3xx_platform_mutex_zephyr.c.obj)
 .rodata.z_arm_irq_priority_set.str1.1
                0x0000000000008216       0x91 zephyr/arch/arch/arm/core/aarch32/libarch__arm__core__aarch32.a(irq_manage.c.obj)
                                         0xae (size before relaxing)
 .rodata.mem_manage_fault.str1.1
                0x00000000000082a7       0xa7 zephyr/arch/arch/arm/core/aarch32/cortex_m/libarch__arm__core__aarch32__cortex_m.a(fault.c.obj)
                                         0xc4 (size before relaxing)
 .rodata.z_arm_fault.str1.1
                0x000000000000834e       0xa5 zephyr/arch/arch/arm/core/aarch32/cortex_m/libarch__arm__core__aarch32__cortex_m.a(fault.c.obj)
                                         0xa7 (size before relaxing)
 .rodata.str1.1
                0x00000000000083f3        0x4 zephyr/arch/arch/arm/core/aarch32/mpu/libarch__arm__core__aarch32__mpu.a(arm_core_mpu.c.obj)
 .rodata.arm_core_mpu_configure_static_mpu_regions.str1.1
                0x00000000000083f7       0x63 zephyr/arch/arch/arm/core/aarch32/mpu/libarch__arm__core__aarch32__mpu.a(arm_mpu.c.obj)
                                         0x82 (size before relaxing)
 .rodata.arm_core_mpu_configure_dynamic_mpu_regions.str1.1
                0x000000000000845a       0x2d zephyr/arch/arch/arm/core/aarch32/mpu/libarch__arm__core__aarch32__mpu.a(arm_mpu.c.obj)
 .rodata.z_arm_mpu_init.str1.1
                0x0000000000008487       0xa5 zephyr/arch/arch/arm/core/aarch32/mpu/libarch__arm__core__aarch32__mpu.a(arm_mpu.c.obj)
 .rodata.str1.1
                0x000000000000852c        0xf zephyr/soc/arm/common/cortex_m/libsoc__arm__common__cortex_m.a(arm_mpu_regions.c.obj)
 .rodata.CSWTCH.9
                0x000000000000853b        0x6 zephyr/soc/arm/nordic_nrf/nrf52/libsoc__arm__nordic_nrf__nrf52.a(soc.c.obj)
 .rodata.str1.1
                0x0000000000008541        0x4 zephyr/soc/arm/nordic_nrf/nrf52/libsoc__arm__nordic_nrf__nrf52.a(soc.c.obj)
 .rodata.get_status.str1.1
                0x0000000000008545       0x61 zephyr/drivers/clock_control/libdrivers__clock_control.a(clock_control_nrf.c.obj)
                                         0x7e (size before relaxing)
 .rodata.clock_event_handler.str1.1
                0x00000000000085a6        0x2 zephyr/drivers/clock_control/libdrivers__clock_control.a(clock_control_nrf.c.obj)
 .rodata.z_nrf_clock_control_lf_on.str1.1
                0x00000000000085a6        0x9 zephyr/drivers/clock_control/libdrivers__clock_control.a(clock_control_nrf.c.obj)
 .rodata.str1.1
                0x00000000000085af       0x1d zephyr/drivers/clock_control/libdrivers__clock_control.a(clock_control_nrf.c.obj)
 .rodata.gpio_nrfx_manage_callback.str1.1
                0x00000000000085cc       0x7d zephyr/drivers/gpio/libdrivers__gpio.a(gpio_nrfx.c.obj)
                                         0x9a (size before relaxing)
 .rodata.gpio_nrfx_pin_interrupt_configure.str1.1
                0x0000000000008649       0x56 zephyr/drivers/gpio/libdrivers__gpio.a(gpio_nrfx.c.obj)
 .rodata.nrfx_gpio_handler.str1.1
                0x000000000000869f       0x56 zephyr/drivers/gpio/libdrivers__gpio.a(gpio_nrfx.c.obj)
                                          0xc (size before relaxing)
 .rodata.gpio_nrfx_pin_configure.str1.1
                0x000000000000869f       0x40 zephyr/drivers/gpio/libdrivers__gpio.a(gpio_nrfx.c.obj)
 .rodata.str1.1
                0x00000000000086df       0x1c zephyr/drivers/gpio/libdrivers__gpio.a(gpio_nrfx.c.obj)
 .rodata.str1.1
                0x00000000000086fb        0x4 zephyr/drivers/i2c/libdrivers__i2c.a(i2c_common.c.obj)
 .rodata.str1.1
                0x00000000000086ff       0x1a zephyr/drivers/i2c/libdrivers__i2c.a(i2c_nrfx_twi.c.obj)
 .rodata.str1.1
                0x0000000000008719       0x2c zephyr/drivers/serial/libdrivers__serial.a(uart_nrfx_uarte.c.obj)
 .rodata.nrf_gpio_pin_port_decode.str1.1
                0x0000000000008745       0x73 zephyr/drivers/pinctrl/libdrivers__pinctrl.a(pinctrl_nrf.c.obj)
 .rodata.str1.1
                0x0000000000008745        0xc modules/nrf/lib/fatal_error/lib..__nrf__lib__fatal_error.a(fatal_error.c.obj)
 .rodata.CSWTCH.14
                0x0000000000008751        0x6 modules/hal_nordic/nrfx/libmodules__hal_nordic__nrfx.a(system_nrf52840.c.obj)
 .rodata.CSWTCH.5
                0x0000000000008757        0x6 modules/hal_nordic/nrfx/libmodules__hal_nordic__nrfx.a(system_nrf52840.c.obj)
 .rodata.clock_stop.str1.1
                0x000000000000875d       0x71 modules/hal_nordic/nrfx/libmodules__hal_nordic__nrfx.a(nrfx_clock.c.obj)
                                         0x90 (size before relaxing)
 .rodata.nrfx_clock_init.str1.1
                0x00000000000087ce        0xe modules/hal_nordic/nrfx/libmodules__hal_nordic__nrfx.a(nrfx_clock.c.obj)
 .rodata.nrfx_clock_enable.str1.1
                0x00000000000087dc       0x1e modules/hal_nordic/nrfx/libmodules__hal_nordic__nrfx.a(nrfx_clock.c.obj)
 .rodata.str1.1
                0x00000000000087fa        0xb modules/hal_nordic/nrfx/libmodules__hal_nordic__nrfx.a(nrfx_clock.c.obj)
 .rodata.release_handler.str1.1
                0x0000000000008805       0x3e modules/hal_nordic/nrfx/libmodules__hal_nordic__nrfx.a(nrfx_gpiote.c.obj)
                                         0x6f (size before relaxing)
 .rodata.nrf_gpio_pin_port_decode.str1.1
                0x0000000000008843       0x58 modules/hal_nordic/nrfx/libmodules__hal_nordic__nrfx.a(nrfx_gpiote.c.obj)
 .rodata.nrfx_gpiote_channel_get.str1.1
                0x0000000000008843        0xa modules/hal_nordic/nrfx/libmodules__hal_nordic__nrfx.a(nrfx_gpiote.c.obj)
 .rodata.nrfx_gpiote_trigger_enable.str1.1
                0x000000000000884d       0x20 modules/hal_nordic/nrfx/libmodules__hal_nordic__nrfx.a(nrfx_gpiote.c.obj)
 .rodata.str1.1
                0x000000000000886d        0xc modules/hal_nordic/nrfx/libmodules__hal_nordic__nrfx.a(nrfx_gpiote.c.obj)
 .rodata.str1.1
                0x0000000000008879        0x9 modules/hal_nordic/nrfx/libmodules__hal_nordic__nrfx.a(nrfx_ppi.c.obj)
 .rodata.nrf_gpio_pin_port_decode.str1.1
                0x0000000000008882       0x73 modules/hal_nordic/nrfx/libmodules__hal_nordic__nrfx.a(nrfx_twi.c.obj)
 .rodata.nrfx_twi_init.str1.1
                0x0000000000008882       0x44 modules/hal_nordic/nrfx/libmodules__hal_nordic__nrfx.a(nrfx_twi.c.obj)
 .rodata.nrfx_twi_enable.str1.1
                0x00000000000088c6       0x2a modules/hal_nordic/nrfx/libmodules__hal_nordic__nrfx.a(nrfx_twi.c.obj)
 .rodata.nrfx_twi_disable.str1.1
                0x00000000000088f0       0x2c modules/hal_nordic/nrfx/libmodules__hal_nordic__nrfx.a(nrfx_twi.c.obj)
 .rodata.nrfx_twi_xfer.str1.1
                0x000000000000891c       0x9e modules/hal_nordic/nrfx/libmodules__hal_nordic__nrfx.a(nrfx_twi.c.obj)
 .rodata.nrfx_twi_0_irq_handler.str1.1
                0x00000000000089ba        0xe modules/hal_nordic/nrfx/libmodules__hal_nordic__nrfx.a(nrfx_twi.c.obj)
 .rodata.str1.1
                0x00000000000089c8        0x9 modules/hal_nordic/nrfx/libmodules__hal_nordic__nrfx.a(nrfx_twi.c.obj)
 .rodata.nrf_gpio_pin_port_decode.str1.1
                0x00000000000089d1       0x73 modules/hal_nordic/nrfx/libmodules__hal_nordic__nrfx.a(nrfx_twi_twim.c.obj)
 .rodata._DoInit.str1.1
                0x00000000000089d1       0x14 modules/segger/libmodules__segger.a(SEGGER_RTT.c.obj)
 .rodata.z_fatal_error.str1.1
                0x00000000000089e5       0x74 zephyr/kernel/libkernel.a(fatal.c.obj)
                                         0x91 (size before relaxing)
 .rodata.z_cstart.str1.1
                0x0000000000008a59        0x5 zephyr/kernel/libkernel.a(init.c.obj)
 .rodata.str1.1
                0x0000000000008a5e        0x3 zephyr/kernel/libkernel.a(init.c.obj)
 .rodata.init_mem_slab_module.str1.1
                0x0000000000008a61       0x61 zephyr/kernel/libkernel.a(mem_slab.c.obj)
                                         0x7e (size before relaxing)
 .rodata.k_mem_slab_alloc.str1.1
                0x0000000000008ac2       0x86 zephyr/kernel/libkernel.a(mem_slab.c.obj)
 .rodata.z_setup_new_thread.str1.1
                0x0000000000008ac2       0xd4 zephyr/kernel/libkernel.a(thread.c.obj)
                                         0xf1 (size before relaxing)
 .rodata.z_impl_k_thread_create.str1.1
                0x0000000000008b96       0x37 zephyr/kernel/libkernel.a(thread.c.obj)
 .rodata.z_init_static_threads.str1.1
                0x0000000000008bcd       0x2d zephyr/kernel/libkernel.a(thread.c.obj)
                                         0x4c (size before relaxing)
 .rodata.idle.str1.1
                0x0000000000008bfa       0x49 zephyr/kernel/libkernel.a(idle.c.obj)
                                         0x66 (size before relaxing)
 .rodata.z_impl_k_mutex_lock.str1.1
                0x0000000000008c43       0x47 zephyr/kernel/libkernel.a(mutex.c.obj)
                                         0xfc (size before relaxing)
 .rodata.z_impl_k_mutex_unlock.str1.1
                0x0000000000008c8a       0x17 zephyr/kernel/libkernel.a(mutex.c.obj)
 .rodata.z_impl_k_sem_give.str1.1
                0x0000000000008ca1       0x77 zephyr/kernel/libkernel.a(sem.c.obj)
 .rodata.z_impl_k_sem_take.str1.1
                0x0000000000008ca1       0x71 zephyr/kernel/libkernel.a(sem.c.obj)
                                         0x9d (size before relaxing)
 .rodata.update_cache.str1.1
                0x0000000000008d12       0x49 zephyr/kernel/libkernel.a(sched.c.obj)
                                         0x69 (size before relaxing)
 .rodata.ready_thread.str1.1
                0x0000000000008d5b       0x21 zephyr/kernel/libkernel.a(sched.c.obj)
 .rodata.k_sched_time_slice_set.str1.1
                0x0000000000008d7c       0x86 zephyr/kernel/libkernel.a(sched.c.obj)
 .rodata.k_sched_lock.str1.1
                0x0000000000008d7c       0x5c zephyr/kernel/libkernel.a(sched.c.obj)
                                         0x6e (size before relaxing)
 .rodata.k_sched_unlock.str1.1
                0x0000000000008dd8       0x31 zephyr/kernel/libkernel.a(sched.c.obj)
 .rodata.z_pend_curr.str1.1
                0x0000000000008e09       0x37 zephyr/kernel/libkernel.a(sched.c.obj)
 .rodata.unpend_thread_no_timeout.str1.1
                0x0000000000008e40       0x17 zephyr/kernel/libkernel.a(sched.c.obj)
 .rodata.z_tick_sleep.str1.1
                0x0000000000008e57       0x40 zephyr/kernel/libkernel.a(sched.c.obj)
 .rodata.z_thread_abort.str1.1
                0x0000000000008e97       0x41 zephyr/kernel/libkernel.a(sched.c.obj)
                                         0x43 (size before relaxing)
 .rodata.z_add_timeout.str1.1
                0x0000000000008ed8       0x44 zephyr/kernel/libkernel.a(timeout.c.obj)
                                         0xea (size before relaxing)
 .rodata.boot_banner.str1.1
                0x0000000000008f1c       0x2e zephyr/kernel/libkernel.a(banner.c.obj)
 .rodata.statics_init.str1.1
                0x0000000000008f4a       0x38 zephyr/kernel/libkernel.a(kheap.c.obj)
                                         0x74 (size before relaxing)
 *(SORT_BY_ALIGNMENT(.gnu.linkonce.r.*))
                0x0000000000008f84                . = ALIGN (0x4)
 *fill*         0x0000000000008f82        0x2 
                0x0000000000008f84                __rodata_region_end = .
                0x0000000000008fa0                . = ALIGN (_region_min_align)
                0x0000000000010000                . = ALIGN ((0x1 << ((__rodata_region_end - ADDR (rom_start)) <= 0x4)?0x2:((__rodata_region_end - ADDR (rom_start)) <= 0x8)?0x3:((__rodata_region_end - ADDR (rom_start)) <= 0x10)?0x4:((__rodata_region_end - ADDR (rom_start)) <= 0x20)?0x5:((__rodata_region_end - ADDR (rom_start)) <= 0x40)?0x6:((__rodata_region_end - ADDR (rom_start)) <= 0x80)?0x7:((__rodata_region_end - ADDR (rom_start)) <= 0x100)?0x8:((__rodata_region_end - ADDR (rom_start)) <= 0x200)?0x9:((__rodata_region_end - ADDR (rom_start)) <= 0x400)?0xa:((__rodata_region_end - ADDR (rom_start)) <= 0x800)?0xb:((__rodata_region_end - ADDR (rom_start)) <= 0x1000)?0xc:((__rodata_region_end - ADDR (rom_start)) <= 0x2000)?0xd:((__rodata_region_end - ADDR (rom_start)) <= 0x4000)?0xe:((__rodata_region_end - ADDR (rom_start)) <= 0x8000)?0xf:((__rodata_region_end - ADDR (rom_start)) <= 0x10000)?0x10:((__rodata_region_end - ADDR (rom_start)) <= 0x20000)?0x11:((__rodata_region_end - ADDR (rom_start)) <= 0x40000)?0x12:((__rodata_region_end - ADDR (rom_start)) <= 0x80000)?0x13:((__rodata_region_end - ADDR (rom_start)) <= 0x100000)?0x14:((__rodata_region_end - ADDR (rom_start)) <= 0x200000)?0x15:((__rodata_region_end - ADDR (rom_start)) <= 0x400000)?0x16:((__rodata_region_end - ADDR (rom_start)) <= 0x800000)?0x17:((__rodata_region_end - ADDR (rom_start)) <= 0x1000000)?0x18:((__rodata_region_end - ADDR (rom_start)) <= 0x2000000)?0x19:((__rodata_region_end - ADDR (rom_start)) <= 0x4000000)?0x1a:((__rodata_region_end - ADDR (rom_start)) <= 0x8000000)?0x1b:((__rodata_region_end - ADDR (rom_start)) <= 0x10000000)?0x1c:((__rodata_region_end - ADDR (rom_start)) <= 0x20000000)?0x1d:((__rodata_region_end - ADDR (rom_start)) <= 0x40000000)?0x1e:((__rodata_region_end - ADDR (rom_start)) <= 0x80000000)?0x1f:0x20))
                0x0000000000010000                __rom_region_end = ((__rom_region_start + .) - ADDR (rom_start))

/DISCARD/
 *(SORT_BY_ALIGNMENT(.got.plt))
 *(SORT_BY_ALIGNMENT(.igot.plt))
 *(SORT_BY_ALIGNMENT(.got))